Component: ARM Compiler 6.7 Tool: armlink [5c9ef700]

==============================================================================

Section Cross References

    startup_stm32f030x6.o(STACK) refers (Special) to heapauxi.o(.text) for __use_two_region_memory
    startup_stm32f030x6.o(HEAP) refers (Special) to heapauxi.o(.text) for __use_two_region_memory
    startup_stm32f030x6.o(RESET) refers (Special) to heapauxi.o(.text) for __use_two_region_memory
    startup_stm32f030x6.o(RESET) refers to startup_stm32f030x6.o(STACK) for __initial_sp
    startup_stm32f030x6.o(RESET) refers to startup_stm32f030x6.o(.text) for Reset_Handler
    startup_stm32f030x6.o(RESET) refers to stm32f0xx_it.o(.text.NMI_Handler) for NMI_Handler
    startup_stm32f030x6.o(RESET) refers to stm32f0xx_it.o(.text.HardFault_Handler) for HardFault_Handler
    startup_stm32f030x6.o(RESET) refers to stm32f0xx_it.o(.text.SVC_Handler) for SVC_Handler
    startup_stm32f030x6.o(RESET) refers to stm32f0xx_it.o(.text.PendSV_Handler) for PendSV_Handler
    startup_stm32f030x6.o(RESET) refers to stm32f0xx_it.o(.text.SysTick_Handler) for SysTick_Handler
    startup_stm32f030x6.o(.text) refers (Special) to heapauxi.o(.text) for __use_two_region_memory
    startup_stm32f030x6.o(.text) refers to system_stm32f0xx.o(.text.SystemInit) for SystemInit
    startup_stm32f030x6.o(.text) refers to __main.o(!!!main) for __main
    startup_stm32f030x6.o(.text) refers to startup_stm32f030x6.o(HEAP) for Heap_Mem
    startup_stm32f030x6.o(.text) refers to startup_stm32f030x6.o(STACK) for Stack_Mem
    leds.o(.text.set_leds_uint) refers to stm32f0xx_hal_gpio.o(.text.HAL_GPIO_WritePin) for HAL_GPIO_WritePin
    leds.o(.text.set_leds_uint) refers to leds.o(.bss.vi) for vi
    leds.o(.ARM.exidx.text.set_leds_uint) refers to leds.o(.text.set_leds_uint) for [Anonymous Symbol]
    leds.o(.text.set_leds_visual_0) refers to leds.o(.text.set_leds_uint) for set_leds_uint
    leds.o(.ARM.exidx.text.set_leds_visual_0) refers to leds.o(.text.set_leds_visual_0) for [Anonymous Symbol]
    leds.o(.text.set_leds) refers to leds.o(.text.set_leds_uint) for set_leds_uint
    leds.o(.text.set_leds) refers to leds.o(.bss.vi) for vi
    leds.o(.ARM.exidx.text.set_leds) refers to leds.o(.text.set_leds) for [Anonymous Symbol]
    leds.o(.text.set_leds_percent) refers to fflti.o(.text) for __aeabi_ui2f
    leds.o(.text.set_leds_percent) refers to fmul.o(x$fpl$fmul) for __aeabi_fmul
    leds.o(.text.set_leds_percent) refers to f2d.o(.text) for __aeabi_f2d
    leds.o(.text.set_leds_percent) refers to ddiv.o(.text) for __aeabi_ddiv
    leds.o(.text.set_leds_percent) refers to dfixui.o(.text) for __aeabi_d2uiz
    leds.o(.text.set_leds_percent) refers to leds.o(.text.set_leds_uint) for set_leds_uint
    leds.o(.text.set_leds_percent) refers to leds.o(.bss.vi) for vi
    leds.o(.ARM.exidx.text.set_leds_percent) refers to leds.o(.text.set_leds_percent) for [Anonymous Symbol]
    leds.o(.text.get_leds) refers to leds.o(.bss.vi) for vi
    leds.o(.ARM.exidx.text.get_leds) refers to leds.o(.text.get_leds) for [Anonymous Symbol]
    leds.o(.text.get_leds_percent) refers to leds.o(.bss.vi) for vi
    leds.o(.ARM.exidx.text.get_leds_percent) refers to leds.o(.text.get_leds_percent) for [Anonymous Symbol]
    main.o(.text.main) refers to eventrecorder.o(.text.EventRecorderInitialize) for EventRecorderInitialize
    main.o(.text.main) refers to devdata.o(.text.dev_init) for dev_init
    main.o(.text.main) refers to puts.o(.text) for puts
    main.o(.text.main) refers to stm32f0xx_hal_gpio.o(.text.HAL_GPIO_WritePin) for HAL_GPIO_WritePin
    main.o(.text.main) refers to devdata.o(.text.check_i2c) for check_i2c
    main.o(.text.main) refers to stm32f0xx_hal_i2c.o(.text.HAL_I2C_Slave_Receive) for HAL_I2C_Slave_Receive
    main.o(.text.main) refers to leds.o(.text.get_leds_percent) for get_leds_percent
    main.o(.text.main) refers to leds.o(.text.get_leds) for get_leds
    main.o(.text.main) refers to stm32f0xx_hal_i2c.o(.text.HAL_I2C_Slave_Transmit) for HAL_I2C_Slave_Transmit
    main.o(.text.main) refers to leds.o(.text.set_leds_percent) for set_leds_percent
    main.o(.text.main) refers to devdata.o(.text.set_brig) for set_brig
    main.o(.text.main) refers to leds.o(.text.set_leds) for set_leds
    main.o(.text.main) refers to devdata.o(.bss..L_MergedGlobals.1) for hi2c1
    main.o(.text.main) refers to devdata.o(.bss..L_MergedGlobals) for buffer
    main.o(.ARM.exidx.text.main) refers to main.o(.text.main) for [Anonymous Symbol]
    stm32f0xx_it.o(.text.NMI_Handler) refers to devdata.o(.text.Error_Handler) for Error_Handler
    stm32f0xx_it.o(.ARM.exidx.text.NMI_Handler) refers to stm32f0xx_it.o(.text.NMI_Handler) for [Anonymous Symbol]
    stm32f0xx_it.o(.text.HardFault_Handler) refers to devdata.o(.text.Error_Handler) for Error_Handler
    stm32f0xx_it.o(.ARM.exidx.text.HardFault_Handler) refers to stm32f0xx_it.o(.text.HardFault_Handler) for [Anonymous Symbol]
[...]
    .ARM.Collect$$libinit$$00000033          0x0800012e   Section        2  libinit2.o(.ARM.Collect$$libinit$$00000033)
    .ARM.Collect$$libshutdown$$00000000      0x08000130   Section        2  libshutdown.o(.ARM.Collect$$libshutdown$$00000000)
    .ARM.Collect$$libshutdown$$00000002      0x08000132   Section        0  libshutdown2.o(.ARM.Collect$$libshutdown$$00000002)
    .ARM.Collect$$libshutdown$$00000003      0x08000132   Section        4  libshutdown2.o(.ARM.Collect$$libshutdown$$00000003)
    .ARM.Collect$$libshutdown$$00000004      0x08000136   Section        0  libshutdown2.o(.ARM.Collect$$libshutdown$$00000004)
    .ARM.Collect$$libshutdown$$00000007      0x08000136   Section        0  libshutdown2.o(.ARM.Collect$$libshutdown$$00000007)
    .ARM.Collect$$libshutdown$$0000000A      0x08000136   Section        0  libshutdown2.o(.ARM.Collect$$libshutdown$$0000000A)
    .ARM.Collect$$libshutdown$$0000000C      0x08000136   Section        0  libshutdown2.o(.ARM.Collect$$libshutdown$$0000000C)
    .ARM.Collect$$libshutdown$$0000000F      0x08000136   Section        0  libshutdown2.o(.ARM.Collect$$libshutdown$$0000000F)
    .ARM.Collect$$libshutdown$$00000010      0x08000136   Section        2  libshutdown2.o(.ARM.Collect$$libshutdown$$00000010)
    .ARM.Collect$$rtentry$$00000000          0x08000138   Section        0  __rtentry.o(.ARM.Collect$$rtentry$$00000000)
    .ARM.Collect$$rtentry$$00000002          0x08000138   Section        0  __rtentry2.o(.ARM.Collect$$rtentry$$00000002)
    .ARM.Collect$$rtentry$$00000004          0x08000138   Section        6  __rtentry4.o(.ARM.Collect$$rtentry$$00000004)
    .ARM.Collect$$rtentry$$00000009          0x0800013e   Section        0  __rtentry2.o(.ARM.Collect$$rtentry$$00000009)
    .ARM.Collect$$rtentry$$0000000A          0x0800013e   Section        4  __rtentry2.o(.ARM.Collect$$rtentry$$0000000A)
    .ARM.Collect$$rtentry$$0000000C          0x08000142   Section        0  __rtentry2.o(.ARM.Collect$$rtentry$$0000000C)
    .ARM.Collect$$rtentry$$0000000D          0x08000142   Section        8  __rtentry2.o(.ARM.Collect$$rtentry$$0000000D)
    .ARM.Collect$$rtexit$$00000000           0x0800014a   Section        2  rtexit.o(.ARM.Collect$$rtexit$$00000000)
    .ARM.Collect$$rtexit$$00000002           0x0800014c   Section        0  rtexit2.o(.ARM.Collect$$rtexit$$00000002)
    .ARM.Collect$$rtexit$$00000003           0x0800014c   Section        4  rtexit2.o(.ARM.Collect$$rtexit$$00000003)
    .ARM.Collect$$rtexit$$00000004           0x08000150   Section        6  rtexit2.o(.ARM.Collect$$rtexit$$00000004)
    .emb_text                                0x08000158   Section       56  rt_memcpy.o(.emb_text)
    .text                                    0x08000190   Section       56  startup_stm32f030x6.o(.text)
    .text                                    0x080001c8   Section        0  llmul.o(.text)
    .text                                    0x080001f8   Section        0  noretval__2printf.o(.text)
    .text                                    0x08000214   Section        0  __printf.o(.text)
    .text                                    0x08000280   Section        0  _printf_dec.o(.text)
    .text                                    0x080002ec   Section        0  puts.o(.text)
    .text                                    0x08000318   Section        0  rt_memcpy.o(.text)
    .text                                    0x0800039a   Section        0  rt_memclr.o(.text)
    .text                                    0x080003dc   Section      176  strcmpv6m.o(.text)
    .text                                    0x0800048c   Section        0  heapauxi.o(.text)
    .text                                    0x08000494   Section        0  ddiv.o(.text)
    .text                                    0x080008dc   Section        0  dfixui.o(.text)
    .text                                    0x08000924   Section        0  f2d.o(.text)
    .text                                    0x08000978   Section        0  fflti.o(.text)
    .text                                    0x080009d6   Section        0  _printf_intcommon.o(.text)
    .text                                    0x08000a88   Section        0  _printf_char_file.o(.text)
    .text                                    0x08000ab0   Section        0  rtudiv10.o(.text)
    .text                                    0x08000ad8   Section        0  _printf_char_common.o(.text)
    _printf_input_char                       0x08000ad9   Thumb Code    10  _printf_char_common.o(.text)
    .text                                    0x08000b08   Section        0  ferror.o(.text)
    .text                                    0x08000b10   Section        0  flsbuf.o(.text)
    .text                                    0x08000d00   Section        0  initio.o(.text)
    .text                                    0x08000e3c   Section       62  sys_stackheap_outer.o(.text)
    .text                                    0x08000e7a   Section        0  h1_alloc.o(.text)
    .text                                    0x08000edc   Section        0  h1_free.o(.text)
    .text                                    0x08000f28   Section        0  setvbuf.o(.text)
    .text                                    0x08000f74   Section        0  stdio.o(.text)
    .text                                    0x08001064   Section        0  fopen.o(.text)
    _freopen_locked                          0x08001065   Thumb Code     0  fopen.o(.text)
    .text                                    0x0800114c   Section        0  fclose.o(.text)
    .text                                    0x08001198   Section        0  exit.o(.text)
    .text                                    0x080011a8   Section        0  defsig_rtred_outer.o(.text)
    .text                                    0x080011b4   Section        8  libspace.o(.text)
    .text                                    0x080011bc   Section        8  rt_heap_descriptor_intlibspace.o(.text)
    .text                                    0x080011c4   Section        0  hguard.o(.text)
    .text                                    0x080011c8   Section        0  init_alloc.o(.text)
    .text                                    0x08001250   Section        0  h1_init.o(.text)
    .text                                    0x08001260   Section        0  fseek.o(.text)
    .text                                    0x08001354   Section        0  defsig_exit.o(.text)
    .text                                    0x08001360   Section        0  defsig_rtred_inner.o(.text)
    .text                                    0x08001394   Section        0  sys_exit.o(.text)
    .text                                    0x080013a0   Section        0  h1_extend.o(.text)
    .text                                    0x080013a0   Section        0  maybetermalloc1.o(.text)
    .text                                    0x080013d4   Section        0  ftell.o(.text)
    .text                                    0x08001416   Section        0  defsig_general.o(.text)
    .text                                    0x0800144a   Section        0  defsig_rtmem_outer.o(.text)
    .text                                    0x08001456   Section        0  sys_wrch.o(.text)
    .text                                    0x08001462   Section        2  use_no_semi.o(.text)
    .text                                    0x08001464   Section        0  indicate_semi.o(.text)
    .text                                    0x08001464   Section        8  rt_errno_addr_intlibspace.o(.text)
    .text                                    0x0800146c   Section        0  defsig_rtmem_inner.o(.text)
    .text                                    0x080014bc   Section        0  __dczerorl.o(.text)
    [Anonymous Symbol]                       0x080014f8   Section        0  devdata.o(.text.Error_Handler)
    __arm_cp.7_0                             0x0800152c   Number         4  devdata.o(.text.Error_Handler)
    __arm_cp.7_1                             0x08001530   Number         4  devdata.o(.text.Error_Handler)
    __arm_cp.7_2                             0x08001534   Number         4  devdata.o(.text.Error_Handler)
    [Anonymous Symbol]                       0x08001538   Section        0  eventrecorder.o(.text.EventRecordData)
    __arm_cp.8_2                             0x08001728   Number         4  eventrecorder.o(.text.EventRecordData)
    __arm_cp.8_3                             0x0800172c   Number         4  eventrecorder.o(.text.EventRecordData)
    __arm_cp.8_4                             0x08001730   Number         4  eventrecorder.o(.text.EventRecordData)
    [Anonymous Symbol]                       0x08001734   Section        0  eventrecorder.o(.text.EventRecordItem)
    EventRecordItem                          0x08001735   Thumb Code   332  eventrecorder.o(.text.EventRecordItem)
    __arm_cp.4_0                             0x08001874   Number         4  eventrecorder.o(.text.EventRecordItem)
    __arm_cp.4_1                             0x08001878   Number         4  eventrecorder.o(.text.EventRecordItem)
    [Anonymous Symbol]                       0x0800187c   Section        0  eventrecorder.o(.text.EventRecorderEnable)
    __arm_cp.3_0                             0x08001928   Number         4  eventrecorder.o(.text.EventRecorderEnable)
    [Anonymous Symbol]                       0x0800192c   Section        0  eventrecorder.o(.text.EventRecorderInitialize)
    __arm_cp.2_0                             0x08001a94   Number         4  eventrecorder.o(.text.EventRecorderInitialize)
    __arm_cp.2_1                             0x08001a98   Number         4  eventrecorder.o(.text.EventRecorderInitialize)
    __arm_cp.2_2                             0x08001a9c   Number         4  eventrecorder.o(.text.EventRecorderInitialize)
    __arm_cp.2_3                             0x08001aa0   Number         4  eventrecorder.o(.text.EventRecorderInitialize)
    __arm_cp.2_4                             0x08001aa4   Number         4  eventrecorder.o(.text.EventRecorderInitialize)
    __arm_cp.2_5                             0x08001aa8   Number         4  eventrecorder.o(.text.EventRecorderInitialize)
    __arm_cp.2_6                             0x08001aac   Number         4  eventrecorder.o(.text.EventRecorderInitialize)
    __arm_cp.2_7                             0x08001ab0   Number         4  eventrecorder.o(.text.EventRecorderInitialize)
    __arm_cp.2_8                             0x08001ab4   Number         4  eventrecorder.o(.text.EventRecorderInitialize)
    [Anonymous Symbol]                       0x08001ab8   Section        0  eventrecorder.o(.text.EventRecorderTimerGet)
    [Anonymous Symbol]                       0x08001ac4   Section        0  eventrecorder.o(.text.EventRecorderTimerInit)
    __arm_cp.0_0                             0x08001acc   Number         4  eventrecorder.o(.text.EventRecorderTimerInit)
    [Anonymous Symbol]                       0x08001ad0   Section        0  stm32f0xx_hal.o(.text.HAL_Delay)
    [Anonymous Symbol]                       0x08001afc   Section        0  stm32f0xx_hal_gpio.o(.text.HAL_GPIO_DeInit)
    [Anonymous Symbol]                       0x08001cbc   Section        0  stm32f0xx_hal_gpio.o(.text.HAL_GPIO_Init)
    __arm_cp.0_0                             0x08001e74   Number         4  stm32f0xx_hal_gpio.o(.text.HAL_GPIO_Init)
    __arm_cp.0_1                             0x08001e78   Number         4  stm32f0xx_hal_gpio.o(.text.HAL_GPIO_Init)
    __arm_cp.0_2                             0x08001e7c   Number         4  stm32f0xx_hal_gpio.o(.text.HAL_GPIO_Init)
    __arm_cp.0_3                             0x08001e80   Number         4  stm32f0xx_hal_gpio.o(.text.HAL_GPIO_Init)
    __arm_cp.0_4                             0x08001e84   Number         4  stm32f0xx_hal_gpio.o(.text.HAL_GPIO_Init)
    __arm_cp.0_5                             0x08001e88   Number         4  stm32f0xx_hal_gpio.o(.text.HAL_GPIO_Init)
    __arm_cp.0_6                             0x08001e8c   Number         4  stm32f0xx_hal_gpio.o(.text.HAL_GPIO_Init)
    [Anonymous Symbol]                       0x08001e90   Section        0  stm32f0xx_hal_gpio.o(.text.HAL_GPIO_ReadPin)
    [Anonymous Symbol]                       0x08001e9e   Section        0  stm32f0xx_hal_gpio.o(.text.HAL_GPIO_WritePin)
    [Anonymous Symbol]                       0x08001eb0   Section        0  stm32f0xx_hal.o(.text.HAL_GetTick)
    __arm_cp.6_0                             0x08001eb8   Number         4  stm32f0xx_hal.o(.text.HAL_GetTick)
    [Anonymous Symbol]                       0x08001ebc   Section        0  stm32f0xx_hal_i2c.o(.text.HAL_I2C_DeInit)
    [Anonymous Symbol]                       0x08001ef0   Section        0  stm32f0xx_hal_i2c.o(.text.HAL_I2C_Init)
    __arm_cp.0_0                             0x08001f8c   Number         4  stm32f0xx_hal_i2c.o(.text.HAL_I2C_Init)
    __arm_cp.0_1                             0x08001f90   Number         4  stm32f0xx_hal_i2c.o(.text.HAL_I2C_Init)
    [Anonymous Symbol]                       0x08001f94   Section        0  devdata.o(.text.HAL_I2C_MspDeInit)
    __arm_cp.11_1                            0x08001fc0   Number         4  devdata.o(.text.HAL_I2C_MspDeInit)
    [Anonymous Symbol]                       0x08001fc4   Section        0  devdata.o(.text.HAL_I2C_MspInit)
    __arm_cp.8_0                             0x08002020   Number         4  devdata.o(.text.HAL_I2C_MspInit)
    __arm_cp.8_1                             0x08002024   Number         4  devdata.o(.text.HAL_I2C_MspInit)
    __arm_cp.8_2                             0x08002028   Number         4  devdata.o(.text.HAL_I2C_MspInit)
    [Anonymous Symbol]                       0x0800202c   Section        0  stm32f0xx_hal_i2c.o(.text.HAL_I2C_Slave_Receive)
    [Anonymous Symbol]                       0x08002286   Section        0  stm32f0xx_hal_i2c.o(.text.HAL_I2C_Slave_Transmit)
    [Anonymous Symbol]                       0x080025c8   Section        0  stm32f0xx_hal.o(.text.HAL_IncTick)
    [Anonymous Symbol]                       0x080025d4   Section        0  stm32f0xx_hal.o(.text.HAL_Init)
    [Anonymous Symbol]                       0x080025f0   Section        0  stm32f0xx_hal.o(.text.HAL_InitTick)
    __arm_cp.1_0                             0x0800262c   Number         4  stm32f0xx_hal.o(.text.HAL_InitTick)
    [Anonymous Symbol]                       0x08002630   Section        0  devdata.o(.text.HAL_MspInit)
    __arm_cp.10_0                            0x08002658   Number         4  devdata.o(.text.HAL_MspInit)
    [Anonymous Symbol]                       0x0800265c   Section        0  stm32f0xx_hal_cortex.o(.text.HAL_NVIC_SetPriority)
    __arm_cp.0_0                             0x08002694   Number         4  stm32f0xx_hal_cortex.o(.text.HAL_NVIC_SetPriority)
    __arm_cp.0_1                             0x08002698   Number         4  stm32f0xx_hal_cortex.o(.text.HAL_NVIC_SetPriority)
    [Anonymous Symbol]                       0x0800269c   Section        0  stm32f0xx_hal_rcc_ex.o(.text.HAL_RCCEx_PeriphCLKConfig)
    __arm_cp.0_0                             0x080027a4   Number         4  stm32f0xx_hal_rcc_ex.o(.text.HAL_RCCEx_PeriphCLKConfig)
    __arm_cp.0_1                             0x080027a8   Number         4  stm32f0xx_hal_rcc_ex.o(.text.HAL_RCCEx_PeriphCLKConfig)
    __arm_cp.0_2                             0x080027ac   Number         4  stm32f0xx_hal_rcc_ex.o(.text.HAL_RCCEx_PeriphCLKConfig)
    [Anonymous Symbol]                       0x080027b0   Section        0  stm32f0xx_hal_rcc.o(.text.HAL_RCC_ClockConfig)
    __arm_cp.2_0                             0x080028f0   Number         4  stm32f0xx_hal_rcc.o(.text.HAL_RCC_ClockConfig)
    __arm_cp.2_1                             0x080028f4   Number         4  stm32f0xx_hal_rcc.o(.text.HAL_RCC_ClockConfig)
    __arm_cp.2_2                             0x080028f8   Number         4  stm32f0xx_hal_rcc.o(.text.HAL_RCC_ClockConfig)
    __arm_cp.2_3                             0x080028fc   Number         4  stm32f0xx_hal_rcc.o(.text.HAL_RCC_ClockConfig)
    __arm_cp.2_4                             0x08002900   Number         4  stm32f0xx_hal_rcc.o(.text.HAL_RCC_ClockConfig)
    __arm_cp.2_5                             0x08002904   Number         4  stm32f0xx_hal_rcc.o(.text.HAL_RCC_ClockConfig)
    __arm_cp.2_6                             0x08002908   Number         4  stm32f0xx_hal_rcc.o(.text.HAL_RCC_ClockConfig)
    __arm_cp.2_7                             0x0800290c   Number         4  stm32f0xx_hal_rcc.o(.text.HAL_RCC_ClockConfig)
    __arm_cp.2_8                             0x08002910   Number         4  stm32f0xx_hal_rcc.o(.text.HAL_RCC_ClockConfig)
    [Anonymous Symbol]                       0x08002914   Section        0  stm32f0xx_hal_rcc.o(.text.HAL_RCC_OscConfig)
    __arm_cp.1_0                             0x08002d08   Number         4  stm32f0xx_hal_rcc.o(.text.HAL_RCC_OscConfig)
    __arm_cp.1_1                             0x08002d0c   Number         4  stm32f0xx_hal_rcc.o(.text.HAL_RCC_OscConfig)
    __arm_cp.1_2                             0x08002d10   Number         4  stm32f0xx_hal_rcc.o(.text.HAL_RCC_OscConfig)
    __arm_cp.1_3                             0x08002d14   Number         4  stm32f0xx_hal_rcc.o(.text.HAL_RCC_OscConfig)
    __arm_cp.1_4                             0x08002d18   Number         4  stm32f0xx_hal_rcc.o(.text.HAL_RCC_OscConfig)
    [Anonymous Symbol]                       0x08002d1c   Section        0  stm32f0xx_hal_cortex.o(.text.HAL_SYSTICK_Config)
    __arm_cp.4_0                             0x08002d44   Number         4  stm32f0xx_hal_cortex.o(.text.HAL_SYSTICK_Config)
    __arm_cp.4_1                             0x08002d48   Number         4  stm32f0xx_hal_cortex.o(.text.HAL_SYSTICK_Config)
    __arm_cp.4_2                             0x08002d4c   Number         4  stm32f0xx_hal_cortex.o(.text.HAL_SYSTICK_Config)
    [Anonymous Symbol]                       0x08002d50   Section        0  stm32f0xx_hal_tim.o(.text.HAL_TIM_Base_Init)
    __arm_cp.0_1                             0x08002e20   Number         4  stm32f0xx_hal_tim.o(.text.HAL_TIM_Base_Init)
    __arm_cp.0_2                             0x08002e24   Number         4  stm32f0xx_hal_tim.o(.text.HAL_TIM_Base_Init)
    [Anonymous Symbol]                       0x08002e28   Section        0  devdata.o(.text.HAL_TIM_Base_MspInit)
    __arm_cp.12_0                            0x08002e50   Number         4  devdata.o(.text.HAL_TIM_Base_MspInit)
    __arm_cp.12_1                            0x08002e54   Number         4  devdata.o(.text.HAL_TIM_Base_MspInit)
    [Anonymous Symbol]                       0x08002e58   Section        0  stm32f0xx_hal_tim.o(.text.HAL_TIM_PWM_ConfigChannel)
    __arm_cp.77_0                            0x080030b4   Number         4  stm32f0xx_hal_tim.o(.text.HAL_TIM_PWM_ConfigChannel)
    __arm_cp.77_1                            0x080030b8   Number         4  stm32f0xx_hal_tim.o(.text.HAL_TIM_PWM_ConfigChannel)
    __arm_cp.77_2                            0x080030bc   Number         4  stm32f0xx_hal_tim.o(.text.HAL_TIM_PWM_ConfigChannel)
    __arm_cp.77_3                            0x080030c0   Number         4  stm32f0xx_hal_tim.o(.text.HAL_TIM_PWM_ConfigChannel)
    __arm_cp.77_4                            0x080030c4   Number         4  stm32f0xx_hal_tim.o(.text.HAL_TIM_PWM_ConfigChannel)
    __arm_cp.77_5                            0x080030c8   Number         4  stm32f0xx_hal_tim.o(.text.HAL_TIM_PWM_ConfigChannel)
    [Anonymous Symbol]                       0x080030cc   Section        0  stm32f0xx_hal_tim.o(.text.HAL_TIM_PWM_Init)
    __arm_cp.27_0                            0x0800319c   Number         4  stm32f0xx_hal_tim.o(.text.HAL_TIM_PWM_Init)
    __arm_cp.27_2                            0x080031a0   Number         4  stm32f0xx_hal_tim.o(.text.HAL_TIM_PWM_Init)
    __arm_cp.27_3                            0x080031a4   Number         4  stm32f0xx_hal_tim.o(.text.HAL_TIM_PWM_Init)
    __arm_cp.27_4                            0x080031a8   Number         4  stm32f0xx_hal_tim.o(.text.HAL_TIM_PWM_Init)
    __arm_cp.27_5                            0x080031ac   Number         4  stm32f0xx_hal_tim.o(.text.HAL_TIM_PWM_Init)
    [Anonymous Symbol]                       0x080031b0   Section        0  stm32f0xx_hal_tim.o(.text.HAL_TIM_PWM_MspInit)
    [Anonymous Symbol]                       0x080031b4   Section        0  stm32f0xx_hal_tim.o(.text.HAL_TIM_PWM_Start)
    __arm_cp.31_0                            0x08003260   Number         4  stm32f0xx_hal_tim.o(.text.HAL_TIM_PWM_Start)
    __arm_cp.31_1                            0x08003264   Number         4  stm32f0xx_hal_tim.o(.text.HAL_TIM_PWM_Start)
    __arm_cp.31_2                            0x08003268   Number         4  stm32f0xx_hal_tim.o(.text.HAL_TIM_PWM_Start)
    __arm_cp.31_3                            0x0800326c   Number         4  stm32f0xx_hal_tim.o(.text.HAL_TIM_PWM_Start)
    __arm_cp.31_4                            0x08003270   Number         4  stm32f0xx_hal_tim.o(.text.HAL_TIM_PWM_Start)
    [Anonymous Symbol]                       0x08003274   Section        0  stm32f0xx_hal_tim.o(.text.HAL_TIM_PWM_Stop)
    __arm_cp.32_0                            0x080032f8   Number         4  stm32f0xx_hal_tim.o(.text.HAL_TIM_PWM_Stop)
    __arm_cp.32_1                            0x080032fc   Number         4  stm32f0xx_hal_tim.o(.text.HAL_TIM_PWM_Stop)
    __arm_cp.32_2                            0x08003300   Number         4  stm32f0xx_hal_tim.o(.text.HAL_TIM_PWM_Stop)
    __arm_cp.32_3                            0x08003304   Number         4  stm32f0xx_hal_tim.o(.text.HAL_TIM_PWM_Stop)
    __arm_cp.32_4                            0x08003308   Number         4  stm32f0xx_hal_tim.o(.text.HAL_TIM_PWM_Stop)
    [Anonymous Symbol]                       0x0800330c   Section        0  stm32f0xx_it.o(.text.HardFault_Handler)
    [Anonymous Symbol]                       0x08003314   Section        0  stm32f0xx_hal_i2c.o(.text.I2C_IsErrorOccurred)
    I2C_IsErrorOccurred                      0x08003315   Thumb Code   316  stm32f0xx_hal_i2c.o(.text.I2C_IsErrorOccurred)
    [Anonymous Symbol]                       0x0800344c   Section        0  stm32f0xx_hal_i2c.o(.text.I2C_WaitOnRXNEFlagUntilTimeout)
    I2C_WaitOnRXNEFlagUntilTimeout           0x0800344d   Thumb Code   244  stm32f0xx_hal_i2c.o(.text.I2C_WaitOnRXNEFlagUntilTimeout)
    __arm_cp.8_0                             0x0800353c   Number         4  stm32f0xx_hal_i2c.o(.text.I2C_WaitOnRXNEFlagUntilTimeout)
    [Anonymous Symbol]                       0x08003540   Section        0  stm32f0xx_hal_i2c.o(.text.I2C_WaitOnSTOPFlagUntilTimeout)
    I2C_WaitOnSTOPFlagUntilTimeout           0x08003541   Thumb Code   152  stm32f0xx_hal_i2c.o(.text.I2C_WaitOnSTOPFlagUntilTimeout)
    [Anonymous Symbol]                       0x080035d8   Section        0  stm32f0xx_hal_i2c.o(.text.I2C_WaitOnTXISFlagUntilTimeout)
    I2C_WaitOnTXISFlagUntilTimeout           0x080035d9   Thumb Code   188  stm32f0xx_hal_i2c.o(.text.I2C_WaitOnTXISFlagUntilTimeout)
    [Anonymous Symbol]                       0x08003694   Section        0  devdata.o(.text.MX_GPIO_Init)
    __arm_cp.2_1                             0x08003768   Number         4  devdata.o(.text.MX_GPIO_Init)
    __arm_cp.2_2                             0x0800376c   Number         4  devdata.o(.text.MX_GPIO_Init)
    __arm_cp.2_3                             0x08003770   Number         4  devdata.o(.text.MX_GPIO_Init)
    __arm_cp.2_5                             0x08003774   Number         4  devdata.o(.text.MX_GPIO_Init)
    [Anonymous Symbol]                       0x08003778   Section        0  devdata.o(.text.MX_TIM14_Init)
    __arm_cp.4_0                             0x0800381c   Number         4  devdata.o(.text.MX_TIM14_Init)
    __arm_cp.4_1                             0x08003820   Number         4  devdata.o(.text.MX_TIM14_Init)
    __arm_cp.4_2                             0x08003824   Number         4  devdata.o(.text.MX_TIM14_Init)
    [Anonymous Symbol]                       0x08003828   Section        0  stm32f0xx_it.o(.text.NMI_Handler)
    [Anonymous Symbol]                       0x08003830   Section        0  stm32f0xx_it.o(.text.PendSV_Handler)
    [Anonymous Symbol]                       0x08003832   Section        0  stm32f0xx_it.o(.text.SVC_Handler)
    [Anonymous Symbol]                       0x08003834   Section        0  stm32f0xx_it.o(.text.SysTick_Handler)
    [Anonymous Symbol]                       0x0800383c   Section        0  devdata.o(.text.SystemClock_Config)
    [Anonymous Symbol]                       0x080038a2   Section        0  system_stm32f0xx.o(.text.SystemInit)
    [Anonymous Symbol]                       0x080038a4   Section        0  retarget_io.o(.text._sys_close)
    [Anonymous Symbol]                       0x080038b4   Section        0  retarget_io.o(.text._sys_flen)
    [Anonymous Symbol]                       0x080038b8   Section        0  retarget_io.o(.text._sys_istty)
    __arm_cp.4_0                             0x080038c8   Number         4  retarget_io.o(.text._sys_istty)
    [Anonymous Symbol]                       0x080038cc   Section        0  retarget_io.o(.text._sys_open)
    __arm_cp.0_0                             0x0800391c   Number         4  retarget_io.o(.text._sys_open)
    __arm_cp.0_1                             0x08003920   Number         4  retarget_io.o(.text._sys_open)
    __arm_cp.0_2                             0x08003924   Number         4  retarget_io.o(.text._sys_open)
    __arm_cp.0_3                             0x08003928   Number         4  retarget_io.o(.text._sys_open)
    [Anonymous Symbol]                       0x0800392c   Section        0  retarget_io.o(.text._sys_seek)
    [Anonymous Symbol]                       0x08003934   Section        0  retarget_io.o(.text._sys_write)
    __arm_cp.2_0                             0x0800399c   Number         4  retarget_io.o(.text._sys_write)
    __arm_cp.2_1                             0x080039a0   Number         4  retarget_io.o(.text._sys_write)
    __arm_cp.2_2                             0x080039a4   Number         4  retarget_io.o(.text._sys_write)
    __arm_cp.2_3                             0x080039a8   Number         4  retarget_io.o(.text._sys_write)
    [Anonymous Symbol]                       0x080039ac   Section        0  devdata.o(.text.check_i2c)
    __arm_cp.14_0                            0x08003a98   Number         4  devdata.o(.text.check_i2c)
    __arm_cp.14_1                            0x08003a9c   Number         4  devdata.o(.text.check_i2c)
    __arm_cp.14_2                            0x08003aa0   Number         4  devdata.o(.text.check_i2c)
    __arm_cp.14_3                            0x08003aa4   Number         4  devdata.o(.text.check_i2c)
    __arm_cp.14_4                            0x08003aa8   Number         4  devdata.o(.text.check_i2c)
    [Anonymous Symbol]                       0x08003ac0   Section        0  devdata.o(.text.dev_init)
    __arm_cp.0_1                             0x08003b88   Number         4  devdata.o(.text.dev_init)
    __arm_cp.0_2                             0x08003b8c   Number         4  devdata.o(.text.dev_init)
    __arm_cp.0_3                             0x08003b90   Number         4  devdata.o(.text.dev_init)
    __arm_cp.0_4                             0x08003b94   Number         4  devdata.o(.text.dev_init)
    __arm_cp.0_5                             0x08003b98   Number         4  devdata.o(.text.dev_init)
    __arm_cp.0_6                             0x08003b9c   Number         4  devdata.o(.text.dev_init)
    [Anonymous Symbol]                       0x08003ba0   Section        0  leds.o(.text.get_leds)
    [Anonymous Symbol]                       0x08003ba8   Section        0  leds.o(.text.get_leds_percent)
    [Anonymous Symbol]                       0x08003bb0   Section        0  main.o(.text.main)
    __arm_cp.0_1                             0x08003c7c   Number         4  main.o(.text.main)
    __arm_cp.0_2                             0x08003c80   Number         4  main.o(.text.main)
    __arm_cp.0_3                             0x08003c84   Number         4  main.o(.text.main)
    __arm_cp.0_4                             0x08003c88   Number         4  main.o(.text.main)
    [Anonymous Symbol]                       0x08003c8c   Section        0  devdata.o(.text.set_brig)
    __arm_cp.5_0                             0x08003cc8   Number         4  devdata.o(.text.set_brig)
    [Anonymous Symbol]                       0x08003ccc   Section        0  leds.o(.text.set_leds)
    [Anonymous Symbol]                       0x08003ce8   Section        0  leds.o(.text.set_leds_percent)
    __arm_cp.3_0                             0x08003d2c   Number         4  leds.o(.text.set_leds_percent)
    __arm_cp.3_1                             0x08003d30   Number         4  leds.o(.text.set_leds_percent)
    [Anonymous Symbol]                       0x08003d34   Section        0  leds.o(.text.set_leds_uint)
    __arm_cp.0_0                             0x08003fd8   Number         4  leds.o(.text.set_leds_uint)
    __arm_cp.0_1                             0x08003fdc   Number         4  leds.o(.text.set_leds_uint)
    __arm_cp.0_2                             0x08003fe0   Number         4  leds.o(.text.set_leds_uint)
    __arm_cp.0_3                             0x08003fe4   Number         4  leds.o(.text.set_leds_uint)
    .text_divfast                            0x08003fe8   Section      494  aeabi_sdivfast.o(.text_divfast)
    i.fputc                                  0x080041d6   Section        0  fputc.o(i.fputc)
    x$fpl$fmul                               0x080041f4   Section      176  fmul.o(x$fpl$fmul)
    .constdata                               0x080042a4   Section      128  ddiv.o(.constdata)
    x$fpl$usenofp                            0x080042a4   Section        0  usenofp.o(x$fpl$usenofp)
    ddiv_reciptbl                            0x080042a4   Data         128  ddiv.o(.constdata)
    HAL_RCC_GetSysClockFreq.aPLLMULFactorTable 0x08004363   Data          16  stm32f0xx_hal_rcc.o(.rodata.cst16)
    HAL_RCC_GetSysClockFreq.aPredivFactorTable 0x08004373   Data          16  stm32f0xx_hal_rcc.o(.rodata.cst16)
    .data                                    0x20000000   Section        4  stdio_streams.o(.data)
    .data                                    0x20000004   Section        4  stdio_streams.o(.data)
    .data                                    0x20000008   Section        4  stdio_streams.o(.data)
    [Anonymous Symbol]                       0x2000000c   Section        0  stm32f0xx_hal.o(.data..L_MergedGlobals)
    [Anonymous Symbol]                       0x20000040   Section        0  eventrecorder.o(.noinit)
    EventBuffer                              0x20000040   Data        1024  eventrecorder.o(.noinit)
    EventFilter                              0x20000440   Data         128  eventrecorder.o(.noinit)
    EventStatus                              0x200004c0   Data          36  eventrecorder.o(.noinit)
    TimeStamp                                0x200004e4   Data           4  eventrecorder.o(.noinit)
    .bss                                     0x200004f0   Section       84  stdio_streams.o(.bss)
    .bss                                     0x20000544   Section       84  stdio_streams.o(.bss)
    .bss                                     0x20000598   Section       84  stdio_streams.o(.bss)
    .bss                                     0x200005ec   Section       96  libspace.o(.bss)
    [Anonymous Symbol]                       0x20000650   Section        0  devdata.o(.bss..L_MergedGlobals)
    [Anonymous Symbol]                       0x200006a4   Section        0  retarget_io.o(.bss..L_MergedGlobals)
    stdout_putchar.index                     0x200006a4   Data           4  retarget_io.o(.bss..L_MergedGlobals)
    stdout_putchar.buffer                    0x200006a8   Data           8  retarget_io.o(.bss..L_MergedGlobals)
    [Anonymous Symbol]                       0x200006b0   Section        0  devdata.o(.bss..L_MergedGlobals.1)
    HEAP                                     0x20000710   Section      512  startup_stm32f030x6.o(HEAP)
    Heap_Mem                                 0x20000710   Data         512  startup_stm32f030x6.o(HEAP)
    STACK                                    0x20000910   Section     1024  startup_stm32f030x6.o(STACK)
    Stack_Mem                                0x20000910   Data        1024  startup_stm32f030x6.o(STACK)
    __initial_sp                             0x20000d10   Data           0  startup_stm32f030x6.o(STACK)

    Global Symbols

    Symbol Name                              Value     Ov Type        Size  Object(Section)

    BuildAttributes$$THM_ISAv3M$S$PE$A:L22$X:L11$S22$IEEE1$IW$~IW$USESV6$~STKCKD$USESV7$~SHL$OTIME$ROPI$EBA8$UX$STANDARDLIB$REQ8$PRES8$EABIv2 0x00000000   Number         0  anon$$obj.o ABSOLUTE
    __ARM_exceptions_init                     - Undefined Weak Reference
    __alloca_initialize                       - Undefined Weak Reference
    __arm_preinit_                            - Undefined Weak Reference
    __cpp_initialize__aeabi_                  - Undefined Weak Reference
    __cxa_finalize                            - Undefined Weak Reference
    __rt_locale                               - Undefined Weak Reference
    __sigvec_lookup                           - Undefined Weak Reference
    __user_heap_extent                        - Undefined Weak Reference
    _atexit_init                              - Undefined Weak Reference
    _call_atexit_fns                          - Undefined Weak Reference
    _clock_init                               - Undefined Weak Reference
    _fp_trap_init                             - Undefined Weak Reference
    _fp_trap_shutdown                         - Undefined Weak Reference
    _get_lc_collate                           - Undefined Weak Reference
    _get_lc_ctype                             - Undefined Weak Reference
    _get_lc_monetary                          - Undefined Weak Reference
    _get_lc_numeric                           - Undefined Weak Reference
    _get_lc_time                              - Undefined Weak Reference
    _getenv_init                              - Undefined Weak Reference
    _handle_redirection                       - Undefined Weak Reference
    _mutex_acquire                            - Undefined Weak Reference
    _mutex_free                               - Undefined Weak Reference
    _mutex_release                            - Undefined Weak Reference
    _printf_post_padding                      - Undefined Weak Reference
    _printf_pre_padding                       - Undefined Weak Reference
    _printf_truncate_signed                   - Undefined Weak Reference
    _printf_truncate_unsigned                 - Undefined Weak Reference
    _rand_init                                - Undefined Weak Reference
    _signal_finish                            - Undefined Weak Reference
    _signal_init                              - Undefined Weak Reference
    __Vectors_Size                           0x000000b0   Number         0  startup_stm32f030x6.o ABSOLUTE
    __Vectors                                0x08000000   Data           4  startup_stm32f030x6.o(RESET)
    __Vectors_End                            0x080000b0   Data           0  startup_stm32f030x6.o(RESET)
    __main                                   0x080000b1   Thumb Code     8  __main.o(!!!main)
    __scatterload                            0x080000b9   Thumb Code     0  __scatter.o(!!!scatter)
    __scatterload_rt2                        0x080000b9   Thumb Code    52  __scatter.o(!!!scatter)
    __scatterload_rt2_thumb_only             0x080000b9   Thumb Code     0  __scatter.o(!!!scatter)
    __scatterload_null                       0x080000c9   Thumb Code     0  __scatter.o(!!!scatter)
    __scatterload_zeroinit                   0x080000f5   Thumb Code    28  __scatter_zi.o(!!handler_zi)
    _printf_percent                          0x08000111   Thumb Code     0  _printf_percent.o(.ARM.Collect$$_printf_percent$$00000000)
    _printf_d                                0x08000113   Thumb Code     0  _printf_d.o(.ARM.Collect$$_printf_percent$$00000009)
    _printf_percent_end                      0x0800011d   Thumb Code     0  _printf_percent_end.o(.ARM.Collect$$_printf_percent$$00000017)
    __rt_lib_init                            0x08000121   Thumb Code     0  libinit.o(.ARM.Collect$$libinit$$00000000)
    __rt_lib_init_fp_1                       0x08000123   Thumb Code     0  libinit2.o(.ARM.Collect$$libinit$$00000002)
    __rt_lib_init_heap_2                     0x08000123   Thumb Code     0  libinit2.o(.ARM.Collect$$libinit$$00000005)
    __rt_lib_init_preinit_1                  0x08000123   Thumb Code     0  libinit2.o(.ARM.Collect$$libinit$$00000004)
    __rt_lib_init_atexit_1                   0x0800012b   Thumb Code     0  libinit2.o(.ARM.Collect$$libinit$$0000001B)
    __rt_lib_init_clock_1                    0x0800012b   Thumb Code     0  libinit2.o(.ARM.Collect$$libinit$$00000021)
    __rt_lib_init_fp_trap_1                  0x0800012b   Thumb Code     0  libinit2.o(.ARM.Collect$$libinit$$0000001F)
    __rt_lib_init_getenv_1                   0x0800012b   Thumb Code     0  libinit2.o(.ARM.Collect$$libinit$$00000023)
    __rt_lib_init_heap_1                     0x0800012b   Thumb Code     0  libinit2.o(.ARM.Collect$$libinit$$0000000A)
    __rt_lib_init_lc_collate_1               0x0800012b   Thumb Code     0  libinit2.o(.ARM.Collect$$libinit$$00000011)
    __rt_lib_init_lc_ctype_1                 0x0800012b   Thumb Code     0  libinit2.o(.ARM.Collect$$libinit$$00000013)
    __rt_lib_init_lc_monetary_1              0x0800012b   Thumb Code     0  libinit2.o(.ARM.Collect$$libinit$$00000015)
    __rt_lib_init_lc_numeric_1               0x0800012b   Thumb Code     0  libinit2.o(.ARM.Collect$$libinit$$00000017)
    __rt_lib_init_lc_time_1                  0x0800012b   Thumb Code     0  libinit2.o(.ARM.Collect$$libinit$$00000019)
    __rt_lib_init_rand_1                     0x0800012b   Thumb Code     0  libinit2.o(.ARM.Collect$$libinit$$0000000E)
    __rt_lib_init_signal_1                   0x0800012b   Thumb Code     0  libinit2.o(.ARM.Collect$$libinit$$0000001D)
    __rt_lib_init_stdio_2                    0x0800012b   Thumb Code     0  libinit2.o(.ARM.Collect$$libinit$$00000024)
    __rt_lib_init_user_alloc_1               0x0800012b   Thumb Code     0  libinit2.o(.ARM.Collect$$libinit$$0000000C)
    __rt_lib_init_alloca_1                   0x0800012f   Thumb Code     0  libinit2.o(.ARM.Collect$$libinit$$0000002E)
    __rt_lib_init_argv_1                     0x0800012f   Thumb Code     0  libinit2.o(.ARM.Collect$$libinit$$0000002C)
    __rt_lib_init_cpp_1                      0x0800012f   Thumb Code     0  libinit2.o(.ARM.Collect$$libinit$$00000032)
    __rt_lib_init_exceptions_1               0x0800012f   Thumb Code     0  libinit2.o(.ARM.Collect$$libinit$$00000030)
    __rt_lib_init_return                     0x0800012f   Thumb Code     0  libinit2.o(.ARM.Collect$$libinit$$00000033)
    __rt_lib_init_stdio_1                    0x0800012f   Thumb Code     0  libinit2.o(.ARM.Collect$$libinit$$00000025)
    __rt_lib_shutdown                        0x08000131   Thumb Code     0  libshutdown.o(.ARM.Collect$$libshutdown$$00000000)
    __rt_lib_shutdown_cpp_1                  0x08000133   Thumb Code     0  libshutdown2.o(.ARM.Collect$$libshutdown$$00000002)
    __rt_lib_shutdown_stdio_2                0x08000133   Thumb Code     0  libshutdown2.o(.ARM.Collect$$libshutdown$$00000003)
    __rt_lib_shutdown_fp_trap_1              0x08000137   Thumb Code     0  libshutdown2.o(.ARM.Collect$$libshutdown$$00000007)
    __rt_lib_shutdown_heap_1                 0x08000137   Thumb Code     0  libshutdown2.o(.ARM.Collect$$libshutdown$$0000000F)
    __rt_lib_shutdown_return                 0x08000137   Thumb Code     0  libshutdown2.o(.ARM.Collect$$libshutdown$$00000010)
    __rt_lib_shutdown_signal_1               0x08000137   Thumb Code     0  libshutdown2.o(.ARM.Collect$$libshutdown$$0000000A)
    __rt_lib_shutdown_stdio_1                0x08000137   Thumb Code     0  libshutdown2.o(.ARM.Collect$$libshutdown$$00000004)
    __rt_lib_shutdown_user_alloc_1           0x08000137   Thumb Code     0  libshutdown2.o(.ARM.Collect$$libshutdown$$0000000C)
    __rt_entry                               0x08000139   Thumb Code     0  __rtentry.o(.ARM.Collect$$rtentry$$00000000)
    __rt_entry_presh_1                       0x08000139   Thumb Code     0  __rtentry2.o(.ARM.Collect$$rtentry$$00000002)
    __rt_entry_sh                            0x08000139   Thumb Code     0  __rtentry4.o(.ARM.Collect$$rtentry$$00000004)
    __rt_entry_li                            0x0800013f   Thumb Code     0  __rtentry2.o(.ARM.Collect$$rtentry$$0000000A)
    __rt_entry_postsh_1                      0x0800013f   Thumb Code     0  __rtentry2.o(.ARM.Collect$$rtentry$$00000009)
    __rt_entry_main                          0x08000143   Thumb Code     0  __rtentry2.o(.ARM.Collect$$rtentry$$0000000D)
    __rt_entry_postli_1                      0x08000143   Thumb Code     0  __rtentry2.o(.ARM.Collect$$rtentry$$0000000C)
    __rt_exit                                0x0800014b   Thumb Code     0  rtexit.o(.ARM.Collect$$rtexit$$00000000)
    __rt_exit_ls                             0x0800014d   Thumb Code     0  rtexit2.o(.ARM.Collect$$rtexit$$00000003)
    __rt_exit_prels_1                        0x0800014d   Thumb Code     0  rtexit2.o(.ARM.Collect$$rtexit$$00000002)
    __rt_exit_exit                           0x08000151   Thumb Code     0  rtexit2.o(.ARM.Collect$$rtexit$$00000004)
    __aeabi_memcpy4                          0x08000159   Thumb Code    56  rt_memcpy.o(.emb_text)
    __aeabi_memcpy8                          0x08000159   Thumb Code     0  rt_memcpy.o(.emb_text)
    Reset_Handler                            0x08000191   Thumb Code     8  startup_stm32f030x6.o(.text)
    ADC1_IRQHandler                          0x080001a3   Thumb Code     0  startup_stm32f030x6.o(.text)
    DMA1_Channel1_IRQHandler                 0x080001a3   Thumb Code     0  startup_stm32f030x6.o(.text)
    DMA1_Channel2_3_IRQHandler               0x080001a3   Thumb Code     0  startup_stm32f030x6.o(.text)
    DMA1_Channel4_5_IRQHandler               0x080001a3   Thumb Code     0  startup_stm32f030x6.o(.text)
    EXTI0_1_IRQHandler                       0x080001a3   Thumb Code     0  startup_stm32f030x6.o(.text)
    EXTI2_3_IRQHandler                       0x080001a3   Thumb Code     0  startup_stm32f030x6.o(.text)
    EXTI4_15_IRQHandler                      0x080001a3   Thumb Code     0  startup_stm32f030x6.o(.text)
    FLASH_IRQHandler                         0x080001a3   Thumb Code     0  startup_stm32f030x6.o(.text)
    I2C1_IRQHandler                          0x080001a3   Thumb Code     0  startup_stm32f030x6.o(.text)
    RCC_IRQHandler                           0x080001a3   Thumb Code     0  startup_stm32f030x6.o(.text)
    RTC_IRQHandler                           0x080001a3   Thumb Code     0  startup_stm32f030x6.o(.text)
    SPI1_IRQHandler                          0x080001a3   Thumb Code     0  startup_stm32f030x6.o(.text)
    TIM14_IRQHandler                         0x080001a3   Thumb Code     0  startup_stm32f030x6.o(.text)
    TIM16_IRQHandler                         0x080001a3   Thumb Code     0  startup_stm32f030x6.o(.text)
    TIM17_IRQHandler                         0x080001a3   Thumb Code     0  startup_stm32f030x6.o(.text)
    TIM1_BRK_UP_TRG_COM_IRQHandler           0x080001a3   Thumb Code     0  startup_stm32f030x6.o(.text)
    TIM1_CC_IRQHandler                       0x080001a3   Thumb Code     0  startup_stm32f030x6.o(.text)
    TIM3_IRQHandler                          0x080001a3   Thumb Code     0  startup_stm32f030x6.o(.text)
    USART1_IRQHandler                        0x080001a3   Thumb Code     0  startup_stm32f030x6.o(.text)
    WWDG_IRQHandler                          0x080001a3   Thumb Code     0  startup_stm32f030x6.o(.text)
    __user_initial_stackheap                 0x080001a5   Thumb Code     0  startup_stm32f030x6.o(.text)
    __aeabi_lmul                             0x080001c9   Thumb Code    48  llmul.o(.text)
    _ll_mul                                  0x080001c9   Thumb Code     0  llmul.o(.text)
    __2printf                                0x080001f9   Thumb Code    22  noretval__2printf.o(.text)
    __printf                                 0x08000215   Thumb Code   108  __printf.o(.text)
    _printf_int_dec                          0x08000281   Thumb Code    90  _printf_dec.o(.text)
    puts                                     0x080002ed   Thumb Code    38  puts.o(.text)
    __aeabi_memcpy                           0x08000319   Thumb Code   130  rt_memcpy.o(.text)
    __rt_memcpy                              0x08000319   Thumb Code     0  rt_memcpy.o(.text)
    _memset_w                                0x0800039b   Thumb Code    26  rt_memclr.o(.text)
    _memset                                  0x080003b5   Thumb Code    30  rt_memclr.o(.text)
    __aeabi_memclr                           0x080003d3   Thumb Code     4  rt_memclr.o(.text)
    __rt_memclr                              0x080003d3   Thumb Code     0  rt_memclr.o(.text)
    __aeabi_memclr4                          0x080003d7   Thumb Code     0  rt_memclr.o(.text)
    __aeabi_memclr8                          0x080003d7   Thumb Code     0  rt_memclr.o(.text)
    __rt_memclr_w                            0x080003d7   Thumb Code     4  rt_memclr.o(.text)
    strcmp                                   0x080003dd   Thumb Code   176  strcmpv6m.o(.text)
    __use_two_region_memory                  0x0800048d   Thumb Code     2  heapauxi.o(.text)
    __rt_heap_escrow                         0x0800048f   Thumb Code     2  heapauxi.o(.text)
    __rt_heap_expand                         0x08000491   Thumb Code     2  heapauxi.o(.text)
    __aeabi_ddiv                             0x08000495   Thumb Code     0  ddiv.o(.text)
    _ddiv                                    0x08000495   Thumb Code  1072  ddiv.o(.text)
    _drdiv                                   0x080008c5   Thumb Code    20  ddiv.o(.text)
    __aeabi_d2uiz                            0x080008dd   Thumb Code     0  dfixui.o(.text)
    _dfixu                                   0x080008dd   Thumb Code    68  dfixui.o(.text)
    __aeabi_f2d                              0x08000925   Thumb Code     0  f2d.o(.text)
    _f2d                                     0x08000925   Thumb Code    80  f2d.o(.text)
    __aeabi_i2f_normalise                    0x08000979   Thumb Code    72  fflti.o(.text)
    __aeabi_i2f                              0x080009c1   Thumb Code    16  fflti.o(.text)
    _fflt                                    0x080009c1   Thumb Code     0  fflti.o(.text)
    __aeabi_ui2f                             0x080009d1   Thumb Code     6  fflti.o(.text)
    _ffltu                                   0x080009d1   Thumb Code     0  fflti.o(.text)
    _printf_int_common                       0x080009d7   Thumb Code   176  _printf_intcommon.o(.text)
    _printf_char_file                        0x08000a89   Thumb Code    34  _printf_char_file.o(.text)
    __rt_udiv10                              0x08000ab1   Thumb Code    40  rtudiv10.o(.text)
    _printf_char_common                      0x08000ae3   Thumb Code    32  _printf_char_common.o(.text)
    ferror                                   0x08000b09   Thumb Code     8  ferror.o(.text)
    __flsbuf                                 0x08000b11   Thumb Code   486  flsbuf.o(.text)
    __flsbuf_byte                            0x08000b11   Thumb Code     0  flsbuf.o(.text)
    __flsbuf_wide                            0x08000b11   Thumb Code     0  flsbuf.o(.text)
    _initio                                  0x08000d01   Thumb Code   216  initio.o(.text)
    _terminateio                             0x08000dd9   Thumb Code    56  initio.o(.text)
    __user_setup_stackheap                   0x08000e3d   Thumb Code    62  sys_stackheap_outer.o(.text)
    malloc                                   0x08000e7b   Thumb Code    98  h1_alloc.o(.text)
    free                                     0x08000edd   Thumb Code    76  h1_free.o(.text)
    setvbuf                                  0x08000f29   Thumb Code    72  setvbuf.o(.text)
    _seterr                                  0x08000f75   Thumb Code    20  stdio.o(.text)
    _writebuf                                0x08000f89   Thumb Code    76  stdio.o(.text)
    _fflush                                  0x08000fd5   Thumb Code    76  stdio.o(.text)
    _deferredlazyseek                        0x08001021   Thumb Code    60  stdio.o(.text)
    freopen                                  0x08001065   Thumb Code   148  fopen.o(.text)
    fopen                                    0x080010f9   Thumb Code    76  fopen.o(.text)
    _fclose_internal                         0x0800114d   Thumb Code    72  fclose.o(.text)
    fclose                                   0x0800114d   Thumb Code     0  fclose.o(.text)
    exit                                     0x08001199   Thumb Code    16  exit.o(.text)
    __rt_SIGRTRED                            0x080011a9   Thumb Code    12  defsig_rtred_outer.o(.text)
    __user_libspace                          0x080011b5   Thumb Code     8  libspace.o(.text)
    __user_perproc_libspace                  0x080011b5   Thumb Code     0  libspace.o(.text)
    __user_perthread_libspace                0x080011b5   Thumb Code     0  libspace.o(.text)
    __rt_heap_descriptor                     0x080011bd   Thumb Code     8  rt_heap_descriptor_intlibspace.o(.text)
    __use_no_heap                            0x080011c5   Thumb Code     2  hguard.o(.text)
    __heap$guard                             0x080011c7   Thumb Code     2  hguard.o(.text)
    _terminate_user_alloc                    0x080011c9   Thumb Code     2  init_alloc.o(.text)
    _init_user_alloc                         0x080011cb   Thumb Code     2  init_alloc.o(.text)
    __Heap_Full                              0x080011cd   Thumb Code    32  init_alloc.o(.text)
    __Heap_Broken                            0x080011ed   Thumb Code    10  init_alloc.o(.text)
    _init_alloc                              0x080011f7   Thumb Code    90  init_alloc.o(.text)
    __Heap_Initialize                        0x08001251   Thumb Code    10  h1_init.o(.text)
    __Heap_DescSize                          0x0800125b   Thumb Code     4  h1_init.o(.text)
    _fseek                                   0x08001261   Thumb Code   240  fseek.o(.text)
    fseek                                    0x08001261   Thumb Code     0  fseek.o(.text)
    __sig_exit                               0x08001355   Thumb Code    12  defsig_exit.o(.text)
    __rt_SIGRTRED_inner                      0x08001361   Thumb Code    14  defsig_rtred_inner.o(.text)
    _sys_exit                                0x08001395   Thumb Code     8  sys_exit.o(.text)
    __Heap_ProvideMemory                     0x080013a1   Thumb Code    52  h1_extend.o(.text)
    _maybe_terminate_alloc                   0x080013a1   Thumb Code     0  maybetermalloc1.o(.text)
    _ftell_internal                          0x080013d5   Thumb Code    66  ftell.o(.text)
    ftell                                    0x080013d5   Thumb Code     0  ftell.o(.text)
    __default_signal_display                 0x08001417   Thumb Code    52  defsig_general.o(.text)
    __rt_SIGRTMEM                            0x0800144b   Thumb Code    12  defsig_rtmem_outer.o(.text)
    _ttywrch                                 0x08001457   Thumb Code    12  sys_wrch.o(.text)
    __I$use$semihosting                      0x08001463   Thumb Code     0  use_no_semi.o(.text)
    __use_no_semihosting_swi                 0x08001463   Thumb Code     2  use_no_semi.o(.text)
    __aeabi_errno_addr                       0x08001465   Thumb Code     8  rt_errno_addr_intlibspace.o(.text)
    __errno$intlibspace                      0x08001465   Thumb Code     0  rt_errno_addr_intlibspace.o(.text)
    __rt_errno_addr$intlibspace              0x08001465   Thumb Code     0  rt_errno_addr_intlibspace.o(.text)
    __semihosting_library_function           0x08001465   Thumb Code     0  indicate_semi.o(.text)
    __rt_SIGRTMEM_inner                      0x0800146d   Thumb Code    22  defsig_rtmem_inner.o(.text)
    __decompress                             0x080014bd   Thumb Code     0  __dczerorl.o(.text)
    __decompress0                            0x080014bd   Thumb Code    58  __dczerorl.o(.text)
    Error_Handler                            0x080014f9   Thumb Code    64  devdata.o(.text.Error_Handler)
    EventRecordData                          0x08001539   Thumb Code   516  eventrecorder.o(.text.EventRecordData)
    EventRecorderEnable                      0x0800187d   Thumb Code   176  eventrecorder.o(.text.EventRecorderEnable)
    EventRecorderInitialize                  0x0800192d   Thumb Code   396  eventrecorder.o(.text.EventRecorderInitialize)
    EventRecorderTimerGet                    0x08001ab9   Thumb Code    16  eventrecorder.o(.text.EventRecorderTimerGet)
    EventRecorderTimerInit                   0x08001ac5   Thumb Code    12  eventrecorder.o(.text.EventRecorderTimerInit)
    HAL_Delay                                0x08001ad1   Thumb Code    48  stm32f0xx_hal.o(.text.HAL_Delay)
    HAL_GPIO_DeInit                          0x08001afd   Thumb Code   472  stm32f0xx_hal_gpio.o(.text.HAL_GPIO_DeInit)
    HAL_GPIO_Init                            0x08001cbd   Thumb Code   468  stm32f0xx_hal_gpio.o(.text.HAL_GPIO_Init)
    HAL_GPIO_ReadPin                         0x08001e91   Thumb Code    14  stm32f0xx_hal_gpio.o(.text.HAL_GPIO_ReadPin)
    HAL_GPIO_WritePin                        0x08001e9f   Thumb Code    16  stm32f0xx_hal_gpio.o(.text.HAL_GPIO_WritePin)
    HAL_GetTick                              0x08001eb1   Thumb Code    12  stm32f0xx_hal.o(.text.HAL_GetTick)
    HAL_I2C_DeInit                           0x08001ebd   Thumb Code    50  stm32f0xx_hal_i2c.o(.text.HAL_I2C_DeInit)
    HAL_I2C_Init                             0x08001ef1   Thumb Code   164  stm32f0xx_hal_i2c.o(.text.HAL_I2C_Init)
    HAL_I2C_MspDeInit                        0x08001f95   Thumb Code    56  devdata.o(.text.HAL_I2C_MspDeInit)
    HAL_I2C_MspInit                          0x08001fc5   Thumb Code   104  devdata.o(.text.HAL_I2C_MspInit)
    HAL_I2C_Slave_Receive                    0x0800202d   Thumb Code   602  stm32f0xx_hal_i2c.o(.text.HAL_I2C_Slave_Receive)
    HAL_I2C_Slave_Transmit                   0x08002287   Thumb Code   834  stm32f0xx_hal_i2c.o(.text.HAL_I2C_Slave_Transmit)
    HAL_IncTick                              0x080025c9   Thumb Code    16  stm32f0xx_hal.o(.text.HAL_IncTick)
    HAL_Init                                 0x080025d5   Thumb Code    32  stm32f0xx_hal.o(.text.HAL_Init)
    HAL_InitTick                             0x080025f1   Thumb Code    68  stm32f0xx_hal.o(.text.HAL_InitTick)
    HAL_MspInit                              0x08002631   Thumb Code    44  devdata.o(.text.HAL_MspInit)
    HAL_NVIC_SetPriority                     0x0800265d   Thumb Code    64  stm32f0xx_hal_cortex.o(.text.HAL_NVIC_SetPriority)
    HAL_RCCEx_PeriphCLKConfig                0x0800269d   Thumb Code   280  stm32f0xx_hal_rcc_ex.o(.text.HAL_RCCEx_PeriphCLKConfig)
    HAL_RCC_ClockConfig                      0x080027b1   Thumb Code   356  stm32f0xx_hal_rcc.o(.text.HAL_RCC_ClockConfig)
    HAL_RCC_OscConfig                        0x08002915   Thumb Code  1032  stm32f0xx_hal_rcc.o(.text.HAL_RCC_OscConfig)
    HAL_SYSTICK_Config                       0x08002d1d   Thumb Code    52  stm32f0xx_hal_cortex.o(.text.HAL_SYSTICK_Config)
    HAL_TIM_Base_Init                        0x08002d51   Thumb Code   232  stm32f0xx_hal_tim.o(.text.HAL_TIM_Base_Init)
    HAL_TIM_Base_MspInit                     0x08002e29   Thumb Code    48  devdata.o(.text.HAL_TIM_Base_MspInit)
    HAL_TIM_PWM_ConfigChannel                0x08002e59   Thumb Code   628  stm32f0xx_hal_tim.o(.text.HAL_TIM_PWM_ConfigChannel)
    HAL_TIM_PWM_Init                         0x080030cd   Thumb Code   232  stm32f0xx_hal_tim.o(.text.HAL_TIM_PWM_Init)
    HAL_TIM_PWM_MspInit                      0x080031b1   Thumb Code     2  stm32f0xx_hal_tim.o(.text.HAL_TIM_PWM_MspInit)
    HAL_TIM_PWM_Start                        0x080031b5   Thumb Code   192  stm32f0xx_hal_tim.o(.text.HAL_TIM_PWM_Start)
    HAL_TIM_PWM_Stop                         0x08003275   Thumb Code   152  stm32f0xx_hal_tim.o(.text.HAL_TIM_PWM_Stop)
    HardFault_Handler                        0x0800330d   Thumb Code     8  stm32f0xx_it.o(.text.HardFault_Handler)
    MX_GPIO_Init                             0x08003695   Thumb Code   236  devdata.o(.text.MX_GPIO_Init)
    MX_TIM14_Init                            0x08003779   Thumb Code   176  devdata.o(.text.MX_TIM14_Init)
    NMI_Handler                              0x08003829   Thumb Code     8  stm32f0xx_it.o(.text.NMI_Handler)
    PendSV_Handler                           0x08003831   Thumb Code     2  stm32f0xx_it.o(.text.PendSV_Handler)
    SVC_Handler                              0x08003833   Thumb Code     2  stm32f0xx_it.o(.text.SVC_Handler)
    SysTick_Handler                          0x08003835   Thumb Code     8  stm32f0xx_it.o(.text.SysTick_Handler)
    SystemClock_Config                       0x0800383d   Thumb Code   102  devdata.o(.text.SystemClock_Config)
    SystemInit                               0x080038a3   Thumb Code     2  system_stm32f0xx.o(.text.SystemInit)
    _sys_close                               0x080038a5   Thumb Code    20  retarget_io.o(.text._sys_close)
    _sys_flen                                0x080038b5   Thumb Code     4  retarget_io.o(.text._sys_flen)
    _sys_istty                               0x080038b9   Thumb Code    20  retarget_io.o(.text._sys_istty)
    _sys_open                                0x080038cd   Thumb Code    96  retarget_io.o(.text._sys_open)
    _sys_seek                                0x0800392d   Thumb Code     6  retarget_io.o(.text._sys_seek)
    _sys_write                               0x08003935   Thumb Code   120  retarget_io.o(.text._sys_write)
    check_i2c                                0x080039ad   Thumb Code   276  devdata.o(.text.check_i2c)
    dev_init                                 0x08003ac1   Thumb Code   232  devdata.o(.text.dev_init)
    get_leds                                 0x08003ba1   Thumb Code    12  leds.o(.text.get_leds)
    get_leds_percent                         0x08003ba9   Thumb Code    12  leds.o(.text.get_leds_percent)
    main                                     0x08003bb1   Thumb Code   220  main.o(.text.main)
    set_brig                                 0x08003c8d   Thumb Code    64  devdata.o(.text.set_brig)
    set_leds                                 0x08003ccd   Thumb Code    32  leds.o(.text.set_leds)
    set_leds_percent                         0x08003ce9   Thumb Code    76  leds.o(.text.set_leds_percent)
    set_leds_uint                            0x08003d35   Thumb Code   692  leds.o(.text.set_leds_uint)
    __aeabi_uidiv                            0x08003fe9   Thumb Code    68  aeabi_sdivfast.o(.text_divfast)
    __aeabi_idiv                             0x0800402d   Thumb Code   426  aeabi_sdivfast.o(.text_divfast)
    fputc                                    0x080041d7   Thumb Code    30  fputc.o(i.fputc)
    __aeabi_fmul                             0x080041f5   Thumb Code     0  fmul.o(x$fpl$fmul)
    _fmul                                    0x080041f5   Thumb Code   172  fmul.o(x$fpl$fmul)
    __I$use$fp                               0x080042a4   Number         0  usenofp.o(x$fpl$usenofp)
    AHBPrescTable                            0x08004324   Data          16  system_stm32f0xx.o(.rodata.AHBPrescTable)
    EventRecorderInfo                        0x08004334   Data          24  eventrecorder.o(.rodata.EventRecorderInfo)
    __stderr_name                            0x0800434c   Data           8  retarget_io.o(.rodata.__stderr_name)
    __stdin_name                             0x08004354   Data           7  retarget_io.o(.rodata.__stdin_name)
    __stdout_name                            0x0800435b   Data           8  retarget_io.o(.rodata.__stdout_name)
    Region$$Table$$Base                      0x08004384   Number         0  anon$$obj.o(Region$$Table)
    Region$$Table$$Limit                     0x080043a4   Number         0  anon$$obj.o(Region$$Table)
    __aeabi_stdin                            0x20000000   Data           4  stdio_streams.o(.data)
    __aeabi_stdout                           0x20000004   Data           4  stdio_streams.o(.data)
    __aeabi_stderr                           0x20000008   Data           4  stdio_streams.o(.data)
    uwTickFreq                               0x2000000c   Data           1  stm32f0xx_hal.o(.data..L_MergedGlobals)
    uwTickPrio                               0x20000010   Data           4  stm32f0xx_hal.o(.data..L_MergedGlobals)
    uwTick                                   0x20000014   Data           4  stm32f0xx_hal.o(.data..L_MergedGlobals)
    SystemCoreClock                          0x20000018   Data           4  system_stm32f0xx.o(.data.SystemCoreClock)
    __stdin                                  0x200004f0   Data          84  stdio_streams.o(.bss)
    __stdout                                 0x20000544   Data          84  stdio_streams.o(.bss)
    __stderr                                 0x20000598   Data          84  stdio_streams.o(.bss)
    __libspace_start                         0x200005ec   Data          96  libspace.o(.bss)
    __temporary_stack_top$libspace           0x2000064c   Data           0  libspace.o(.bss)
    par_brig_percent                         0x20000650   Data           1  devdata.o(.bss..L_MergedGlobals)
    buffer                                   0x20000651   Data           3  devdata.o(.bss..L_MergedGlobals)
    par_pwm_max                              0x20000654   Data           4  devdata.o(.bss..L_MergedGlobals)
    par_pwm_cur                              0x20000658   Data           4  devdata.o(.bss..L_MergedGlobals)
    htim14                                   0x2000065c   Data          72  devdata.o(.bss..L_MergedGlobals)
    hi2c1                                    0x200006b0   Data          84  devdata.o(.bss..L_MergedGlobals.1)
    vi                                       0x20000704   Data          12  leds.o(.bss.vi)



==============================================================================

Memory Map of the image

  Image Entry point : 0x080000b1

  Load Region LR_IROM1 (Base: 0x08000000, Size: 0x000048b0, Max: 0x00008000, ABSOLUTE, COMPRESSED[0x000043e0])

    Execution Region ER_IROM1 (Exec base: 0x08000000, Load base: 0x08000000, Size: 0x000043a4, Max: 0x00008000, ABSOLUTE)

    Exec Addr    Load Addr    Size         Type   Attr      Idx    E Section Name        Object

    0x08000000   0x08000000   0x000000b0   Data   RO            3    RESET               startup_stm32f030x6.o
    0x080000b0   0x080000b0   0x00000008   Code   RO         1083  * !!!main             c_p.l(__main.o)
    0x080000b8   0x080000b8   0x0000003c   Code   RO         1457    !!!scatter          c_p.l(__scatter.o)
    0x080000f4   0x080000f4   0x0000001c   Code   RO         1459    !!handler_zi        c_p.l(__scatter_zi.o)
    0x08000110   0x08000110   0x00000002   Code   RO         1062    .ARM.Collect$$_printf_percent$$00000000  c_p.l(_printf_percent.o)
    0x08000112   0x08000112   0x0000000a   Code   RO         1061    .ARM.Collect$$_printf_percent$$00000009  c_p.l(_printf_d.o)
    0x0800011c   0x0800011c   0x00000004   Code   RO         1105    .ARM.Collect$$_printf_percent$$00000017  c_p.l(_printf_percent_end.o)
    0x08000120   0x08000120   0x00000002   Code   RO         1259    .ARM.Collect$$libinit$$00000000  c_p.l(libinit.o)
    0x08000122   0x08000122   0x00000000   Code   RO         1261    .ARM.Collect$$libinit$$00000002  c_p.l(libinit2.o)
    0x08000122   0x08000122   0x00000000   Code   RO         1263    .ARM.Collect$$libinit$$00000004  c_p.l(libinit2.o)
    0x08000122   0x08000122   0x00000008   Code   RO         1264    .ARM.Collect$$libinit$$00000005  c_p.l(libinit2.o)
    0x0800012a   0x0800012a   0x00000000   Code   RO         1266    .ARM.Collect$$libinit$$0000000A  c_p.l(libinit2.o)
    0x0800012a   0x0800012a   0x00000000   Code   RO         1268    .ARM.Collect$$libinit$$0000000C  c_p.l(libinit2.o)
    0x0800012a   0x0800012a   0x00000000   Code   RO         1270    .ARM.Collect$$libinit$$0000000E  c_p.l(libinit2.o)
    0x0800012a   0x0800012a   0x00000000   Code   RO         1273    .ARM.Collect$$libinit$$00000011  c_p.l(libinit2.o)
    0x0800012a   0x0800012a   0x00000000   Code   RO         1275    .ARM.Collect$$libinit$$00000013  c_p.l(libinit2.o)
    0x0800012a   0x0800012a   0x00000000   Code   RO         1277    .ARM.Collect$$libinit$$00000015  c_p.l(libinit2.o)
    0x0800012a   0x0800012a   0x00000000   Code   RO         1279    .ARM.Collect$$libinit$$00000017  c_p.l(libinit2.o)
    0x0800012a   0x0800012a   0x00000000   Code   RO         1281    .ARM.Collect$$libinit$$00000019  c_p.l(libinit2.o)
    0x0800012a   0x0800012a   0x00000000   Code   RO         1283    .ARM.Collect$$libinit$$0000001B  c_p.l(libinit2.o)
    0x0800012a   0x0800012a   0x00000000   Code   RO         1285    .ARM.Collect$$libinit$$0000001D  c_p.l(libinit2.o)
    0x0800012a   0x0800012a   0x00000000   Code   RO         1287    .ARM.Collect$$libinit$$0000001F  c_p.l(libinit2.o)
    0x0800012a   0x0800012a   0x00000000   Code   RO         1289    .ARM.Collect$$libinit$$00000021  c_p.l(libinit2.o)
    0x0800012a   0x0800012a   0x00000000   Code   RO         1291    .ARM.Collect$$libinit$$00000023  c_p.l(libinit2.o)
    0x0800012a   0x0800012a   0x00000004   Code   RO         1292    .ARM.Collect$$libinit$$00000024  c_p.l(libinit2.o)
    0x0800012e   0x0800012e   0x00000000   Code   RO         1293    .ARM.Collect$$libinit$$00000025  c_p.l(libinit2.o)
    0x0800012e   0x0800012e   0x00000000   Code   RO         1297    .ARM.Collect$$libinit$$0000002C  c_p.l(libinit2.o)
    0x0800012e   0x0800012e   0x00000000   Code   RO         1299    .ARM.Collect$$libinit$$0000002E  c_p.l(libinit2.o)
    0x0800012e   0x0800012e   0x00000000   Code   RO         1301    .ARM.Collect$$libinit$$00000030  c_p.l(libinit2.o)
    0x0800012e   0x0800012e   0x00000000   Code   RO         1303    .ARM.Collect$$libinit$$00000032  c_p.l(libinit2.o)
    0x0800012e   0x0800012e   0x00000002   Code   RO         1304    .ARM.Collect$$libinit$$00000033  c_p.l(libinit2.o)
    0x08000130   0x08000130   0x00000002   Code   RO         1436    .ARM.Collect$$libshutdown$$00000000  c_p.l(libshutdown.o)
    0x08000132   0x08000132   0x00000000   Code   RO         1306    .ARM.Collect$$libshutdown$$00000002  c_p.l(libshutdown2.o)
    0x08000132   0x08000132   0x00000004   Code   RO         1307    .ARM.Collect$$libshutdown$$00000003  c_p.l(libshutdown2.o)
    0x08000136   0x08000136   0x00000000   Code   RO         1308    .ARM.Collect$$libshutdown$$00000004  c_p.l(libshutdown2.o)
    0x08000136   0x08000136   0x00000000   Code   RO         1311    .ARM.Collect$$libshutdown$$00000007  c_p.l(libshutdown2.o)
    0x08000136   0x08000136   0x00000000   Code   RO         1314    .ARM.Collect$$libshutdown$$0000000A  c_p.l(libshutdown2.o)
    0x08000136   0x08000136   0x00000000   Code   RO         1316    .ARM.Collect$$libshutdown$$0000000C  c_p.l(libshutdown2.o)
    0x08000136   0x08000136   0x00000000   Code   RO         1319    .ARM.Collect$$libshutdown$$0000000F  c_p.l(libshutdown2.o)
    0x08000136   0x08000136   0x00000002   Code   RO         1320    .ARM.Collect$$libshutdown$$00000010  c_p.l(libshutdown2.o)
    0x08000138   0x08000138   0x00000000   Code   RO         1096    .ARM.Collect$$rtentry$$00000000  c_p.l(__rtentry.o)
    0x08000138   0x08000138   0x00000000   Code   RO         1122    .ARM.Collect$$rtentry$$00000002  c_p.l(__rtentry2.o)
    0x08000138   0x08000138   0x00000006   Code   RO         1134    .ARM.Collect$$rtentry$$00000004  c_p.l(__rtentry4.o)
    0x0800013e   0x0800013e   0x00000000   Code   RO         1124    .ARM.Collect$$rtentry$$00000009  c_p.l(__rtentry2.o)
    0x0800013e   0x0800013e   0x00000004   Code   RO         1125    .ARM.Collect$$rtentry$$0000000A  c_p.l(__rtentry2.o)
    0x08000142   0x08000142   0x00000000   Code   RO         1127    .ARM.Collect$$rtentry$$0000000C  c_p.l(__rtentry2.o)
    0x08000142   0x08000142   0x00000008   Code   RO         1128    .ARM.Collect$$rtentry$$0000000D  c_p.l(__rtentry2.o)
    0x0800014a   0x0800014a   0x00000002   Code   RO         1325    .ARM.Collect$$rtexit$$00000000  c_p.l(rtexit.o)
    0x0800014c   0x0800014c   0x00000000   Code   RO         1385    .ARM.Collect$$rtexit$$00000002  c_p.l(rtexit2.o)
    0x0800014c   0x0800014c   0x00000004   Code   RO         1386    .ARM.Collect$$rtexit$$00000003  c_p.l(rtexit2.o)
    0x08000150   0x08000150   0x00000006   Code   RO         1387    .ARM.Collect$$rtexit$$00000004  c_p.l(rtexit2.o)
    0x08000156   0x08000156   0x00000002   PAD
    0x08000158   0x08000158   0x00000038   Code   RO         1065    .emb_text           c_p.l(rt_memcpy.o)
    0x08000190   0x08000190   0x00000038   Code   RO            4    .text               startup_stm32f030x6.o
    0x080001c8   0x080001c8   0x00000030   Code   RO         1031    .text               c_p.l(llmul.o)
    0x080001f8   0x080001f8   0x0000001c   Code   RO         1035    .text               c_p.l(noretval__2printf.o)
    0x08000214   0x08000214   0x0000006c   Code   RO         1037    .text               c_p.l(__printf.o)
    0x08000280   0x08000280   0x0000006c   Code   RO         1039    .text               c_p.l(_printf_dec.o)
    0x080002ec   0x080002ec   0x0000002c   Code   RO         1063    .text               c_p.l(puts.o)
    0x08000318   0x08000318   0x00000082   Code   RO         1066    .text               c_p.l(rt_memcpy.o)
    0x0800039a   0x0800039a   0x00000040   Code   RO         1069    .text               c_p.l(rt_memclr.o)
    0x080003da   0x080003da   0x00000002   PAD
    0x080003dc   0x080003dc   0x000000b0   Code   RO         1071    .text               c_p.l(strcmpv6m.o)
    0x0800048c   0x0800048c   0x00000006   Code   RO         1081    .text               c_p.l(heapauxi.o)
    0x08000492   0x08000492   0x00000002   PAD
    0x08000494   0x08000494   0x00000448   Code   RO         1085    .text               fz_ps.l(ddiv.o)
    0x080008dc   0x080008dc   0x00000048   Code   RO         1088    .text               fz_ps.l(dfixui.o)
    0x08000924   0x08000924   0x00000054   Code   RO         1090    .text               fz_ps.l(f2d.o)
    0x08000978   0x08000978   0x0000005e   Code   RO         1092    .text               fz_ps.l(fflti.o)
    0x080009d6   0x080009d6   0x000000b0   Code   RO         1101    .text               c_p.l(_printf_intcommon.o)
    0x08000a86   0x08000a86   0x00000002   PAD
    0x08000a88   0x08000a88   0x00000028   Code   RO         1103    .text               c_p.l(_printf_char_file.o)
    0x08000ab0   0x08000ab0   0x00000028   Code   RO         1118    .text               c_p.l(rtudiv10.o)
    0x08000ad8   0x08000ad8   0x00000030   Code   RO         1138    .text               c_p.l(_printf_char_common.o)
    0x08000b08   0x08000b08   0x00000008   Code   RO         1140    .text               c_p.l(ferror.o)
    0x08000b10   0x08000b10   0x000001f0   Code   RO         1142    .text               c_p.l(flsbuf.o)
    0x08000d00   0x08000d00   0x0000013c   Code   RO         1144    .text               c_p.l(initio.o)
    0x08000e3c   0x08000e3c   0x0000003e   Code   RO         1154    .text               c_p.l(sys_stackheap_outer.o)
    0x08000e7a   0x08000e7a   0x00000062   Code   RO         1161    .text               c_p.l(h1_alloc.o)
    0x08000edc   0x08000edc   0x0000004c   Code   RO         1163    .text               c_p.l(h1_free.o)
    0x08000f28   0x08000f28   0x0000004c   Code   RO         1223    .text               c_p.l(setvbuf.o)
    0x08000f74   0x08000f74   0x000000f0   Code   RO         1225    .text               c_p.l(stdio.o)
    0x08001064   0x08001064   0x000000e8   Code   RO         1230    .text               c_p.l(fopen.o)
    0x0800114c   0x0800114c   0x0000004c   Code   RO         1232    .text               c_p.l(fclose.o)
    0x08001198   0x08001198   0x00000010   Code   RO         1242    .text               c_p.l(exit.o)
    0x080011a8   0x080011a8   0x0000000c   Code   RO         1248    .text               c_p.l(defsig_rtred_outer.o)
    0x080011b4   0x080011b4   0x00000008   Code   RO         1321    .text               c_p.l(libspace.o)
    0x080011bc   0x080011bc   0x00000008   Code   RO         1332    .text               c_p.l(rt_heap_descriptor_intlibspace.o)
    0x080011c4   0x080011c4   0x00000004   Code   RO         1334    .text               c_p.l(hguard.o)
    0x080011c8   0x080011c8   0x00000088   Code   RO         1336    .text               c_p.l(init_alloc.o)
    0x08001250   0x08001250   0x0000000e   Code   RO         1340    .text               c_p.l(h1_init.o)
    0x0800125e   0x0800125e   0x00000002   PAD
    0x08001260   0x08001260   0x000000f4   Code   RO         1358    .text               c_p.l(fseek.o)
    0x08001354   0x08001354   0x0000000c   Code   RO         1364    .text               c_p.l(defsig_exit.o)
    0x08001360   0x08001360   0x00000034   Code   RO         1368    .text               c_p.l(defsig_rtred_inner.o)
    0x08001394   0x08001394   0x0000000c   Code   RO         1378    .text               c_p.l(sys_exit.o)
    0x080013a0   0x080013a0   0x00000000   Code   RO         1393    .text               c_p.l(maybetermalloc1.o)
    0x080013a0   0x080013a0   0x00000034   Code   RO         1395    .text               c_p.l(h1_extend.o)
    0x080013d4   0x080013d4   0x00000042   Code   RO         1399    .text               c_p.l(ftell.o)
    0x08001416   0x08001416   0x00000034   Code   RO         1403    .text               c_p.l(defsig_general.o)
    0x0800144a   0x0800144a   0x0000000c   Code   RO         1405    .text               c_p.l(defsig_rtmem_outer.o)
    0x08001456   0x08001456   0x0000000c   Code   RO         1416    .text               c_p.l(sys_wrch.o)
    0x08001462   0x08001462   0x00000002   Code   RO         1420    .text               c_p.l(use_no_semi.o)
    0x08001464   0x08001464   0x00000000   Code   RO         1422    .text               c_p.l(indicate_semi.o)
    0x08001464   0x08001464   0x00000008   Code   RO         1426    .text               c_p.l(rt_errno_addr_intlibspace.o)
    0x0800146c   0x0800146c   0x00000050   Code   RO         1430    .text               c_p.l(defsig_rtmem_inner.o)
    0x080014bc   0x080014bc   0x0000003a   Code   RO         1455    .text               c_p.l(__dczerorl.o)
    0x080014f6   0x080014f6   0x00000002   PAD
    0x080014f8   0x080014f8   0x00000040   Code   RO           83    .text.Error_Handler  devdata.o
    0x08001538   0x08001538   0x000001fc   Code   RO          982    .text.EventRecordData  eventrecorder.o
    0x08001734   0x08001734   0x00000148   Code   RO          974    .text.EventRecordItem  eventrecorder.o
    0x0800187c   0x0800187c   0x000000b0   Code   RO          972    .text.EventRecorderEnable  eventrecorder.o
    0x0800192c   0x0800192c   0x0000018c   Code   RO          970    .text.EventRecorderInitialize  eventrecorder.o
    0x08001ab8   0x08001ab8   0x0000000c   Code   RO          968    .text.EventRecorderTimerGet  eventrecorder.o
    0x08001ac4   0x08001ac4   0x0000000c   Code   RO          966    .text.EventRecorderTimerInit  eventrecorder.o
    0x08001ad0   0x08001ad0   0x0000002c   Code   RO          355    .text.HAL_Delay     stm32f0xx_hal.o
    0x08001afc   0x08001afc   0x000001c0   Code   RO          395    .text.HAL_GPIO_DeInit  stm32f0xx_hal_gpio.o
    0x08001cbc   0x08001cbc   0x000001d4   Code   RO          393    .text.HAL_GPIO_Init  stm32f0xx_hal_gpio.o
    0x08001e90   0x08001e90   0x0000000e   Code   RO          397    .text.HAL_GPIO_ReadPin  stm32f0xx_hal_gpio.o
    0x08001e9e   0x08001e9e   0x00000010   Code   RO          399    .text.HAL_GPIO_WritePin  stm32f0xx_hal_gpio.o
    0x08001eae   0x08001eae   0x00000002   PAD
    0x08001eb0   0x08001eb0   0x0000000c   Code   RO          347    .text.HAL_GetTick   stm32f0xx_hal.o
    0x08001ebc   0x08001ebc   0x00000032   Code   RO          116    .text.HAL_I2C_DeInit  stm32f0xx_hal_i2c.o
    0x08001eee   0x08001eee   0x00000002   PAD
    0x08001ef0   0x08001ef0   0x000000a4   Code   RO          112    .text.HAL_I2C_Init  stm32f0xx_hal_i2c.o
    0x08001f94   0x08001f94   0x00000030   Code   RO           91    .text.HAL_I2C_MspDeInit  devdata.o
    0x08001fc4   0x08001fc4   0x00000068   Code   RO           85    .text.HAL_I2C_MspInit  devdata.o
    0x0800202c   0x0800202c   0x0000025a   Code   RO          132    .text.HAL_I2C_Slave_Receive  stm32f0xx_hal_i2c.o
    0x08002286   0x08002286   0x00000342   Code   RO          130    .text.HAL_I2C_Slave_Transmit  stm32f0xx_hal_i2c.o
    0x080025c8   0x080025c8   0x0000000c   Code   RO          345    .text.HAL_IncTick   stm32f0xx_hal.o
    0x080025d4   0x080025d4   0x0000001c   Code   RO          335    .text.HAL_Init      stm32f0xx_hal.o
    0x080025f0   0x080025f0   0x00000040   Code   RO          337    .text.HAL_InitTick  stm32f0xx_hal.o
    0x08002630   0x08002630   0x0000002c   Code   RO           89    .text.HAL_MspInit   devdata.o
    0x0800265c   0x0800265c   0x00000040   Code   RO          455    .text.HAL_NVIC_SetPriority  stm32f0xx_hal_cortex.o
    0x0800269c   0x0800269c   0x00000114   Code   RO          318    .text.HAL_RCCEx_PeriphCLKConfig  stm32f0xx_hal_rcc_ex.o
    0x080027b0   0x080027b0   0x00000164   Code   RO          284    .text.HAL_RCC_ClockConfig  stm32f0xx_hal_rcc.o
    0x08002914   0x08002914   0x00000408   Code   RO          282    .text.HAL_RCC_OscConfig  stm32f0xx_hal_rcc.o
    0x08002d1c   0x08002d1c   0x00000034   Code   RO          463    .text.HAL_SYSTICK_Config  stm32f0xx_hal_cortex.o
    0x08002d50   0x08002d50   0x000000d8   Code   RO          623    .text.HAL_TIM_Base_Init  stm32f0xx_hal_tim.o
    0x08002e28   0x08002e28   0x00000030   Code   RO           93    .text.HAL_TIM_Base_MspInit  devdata.o
    0x08002e58   0x08002e58   0x00000274   Code   RO          777    .text.HAL_TIM_PWM_ConfigChannel  stm32f0xx_hal_tim.o
    0x080030cc   0x080030cc   0x000000e4   Code   RO          677    .text.HAL_TIM_PWM_Init  stm32f0xx_hal_tim.o
    0x080031b0   0x080031b0   0x00000002   Code   RO          679    .text.HAL_TIM_PWM_MspInit  stm32f0xx_hal_tim.o
    0x080031b2   0x080031b2   0x00000002   PAD
    0x080031b4   0x080031b4   0x000000c0   Code   RO          685    .text.HAL_TIM_PWM_Start  stm32f0xx_hal_tim.o
    0x08003274   0x08003274   0x00000098   Code   RO          687    .text.HAL_TIM_PWM_Stop  stm32f0xx_hal_tim.o
    0x0800330c   0x0800330c   0x00000008   Code   RO           51    .text.HardFault_Handler  stm32f0xx_it.o
    0x08003314   0x08003314   0x00000138   Code   RO          248    .text.I2C_IsErrorOccurred  stm32f0xx_hal_i2c.o
    0x0800344c   0x0800344c   0x000000f4   Code   RO          128    .text.I2C_WaitOnRXNEFlagUntilTimeout  stm32f0xx_hal_i2c.o
    0x08003540   0x08003540   0x00000098   Code   RO          124    .text.I2C_WaitOnSTOPFlagUntilTimeout  stm32f0xx_hal_i2c.o
    0x080035d8   0x080035d8   0x000000bc   Code   RO          122    .text.I2C_WaitOnTXISFlagUntilTimeout  stm32f0xx_hal_i2c.o
    0x08003694   0x08003694   0x000000e4   Code   RO           73    .text.MX_GPIO_Init  devdata.o
    0x08003778   0x08003778   0x000000b0   Code   RO           77    .text.MX_TIM14_Init  devdata.o
    0x08003828   0x08003828   0x00000008   Code   RO           49    .text.NMI_Handler   stm32f0xx_it.o
    0x08003830   0x08003830   0x00000002   Code   RO           55    .text.PendSV_Handler  stm32f0xx_it.o
    0x08003832   0x08003832   0x00000002   Code   RO           53    .text.SVC_Handler   stm32f0xx_it.o
    0x08003834   0x08003834   0x00000008   Code   RO           57    .text.SysTick_Handler  stm32f0xx_it.o
    0x0800383c   0x0800383c   0x00000066   Code   RO           71    .text.SystemClock_Config  devdata.o
    0x080038a2   0x080038a2   0x00000002   Code   RO          948    .text.SystemInit    system_stm32f0xx.o
    0x080038a4   0x080038a4   0x00000010   Code   RO         1003    .text._sys_close    retarget_io.o
    0x080038b4   0x080038b4   0x00000004   Code   RO         1013    .text._sys_flen     retarget_io.o
    0x080038b8   0x080038b8   0x00000014   Code   RO         1009    .text._sys_istty    retarget_io.o
    0x080038cc   0x080038cc   0x00000060   Code   RO         1001    .text._sys_open     retarget_io.o
    0x0800392c   0x0800392c   0x00000006   Code   RO         1011    .text._sys_seek     retarget_io.o
    0x08003932   0x08003932   0x00000002   PAD
    0x08003934   0x08003934   0x00000078   Code   RO         1005    .text._sys_write    retarget_io.o
    0x080039ac   0x080039ac   0x00000114   Code   RO           97    .text.check_i2c     devdata.o
    0x08003ac0   0x08003ac0   0x000000e0   Code   RO           69    .text.dev_init      devdata.o
    0x08003ba0   0x08003ba0   0x00000008   Code   RO           19    .text.get_leds      leds.o
    0x08003ba8   0x08003ba8   0x00000008   Code   RO           21    .text.get_leds_percent  leds.o
    0x08003bb0   0x08003bb0   0x000000dc   Code   RO           35    .text.main          main.o
    0x08003c8c   0x08003c8c   0x00000040   Code   RO           79    .text.set_brig      devdata.o
    0x08003ccc   0x08003ccc   0x0000001c   Code   RO           15    .text.set_leds      leds.o
    0x08003ce8   0x08003ce8   0x0000004c   Code   RO           17    .text.set_leds_percent  leds.o
    0x08003d34   0x08003d34   0x000002b4   Code   RO           11    .text.set_leds_uint  leds.o
    0x08003fe8   0x08003fe8   0x000001ee   Code   RO         1074    .text_divfast       c_p.l(aeabi_sdivfast.o)
    0x080041d6   0x080041d6   0x0000001e   Code   RO         1107    i.fputc             c_p.l(fputc.o)
    0x080041f4   0x080041f4   0x000000b0   Code   RO         1094    x$fpl$fmul          fz_ps.l(fmul.o)
    0x080042a4   0x080042a4   0x00000000   Code   RO         1120    x$fpl$usenofp       fz_ps.l(usenofp.o)
    0x080042a4   0x080042a4   0x00000080   Data   RO         1086    .constdata          fz_ps.l(ddiv.o)
    0x08004324   0x08004324   0x00000010   Data   RO          953    .rodata.AHBPrescTable  system_stm32f0xx.o
    0x08004334   0x08004334   0x00000018   Data   RO          989    .rodata.EventRecorderInfo  eventrecorder.o
    0x0800434c   0x0800434c   0x00000008   Data   RO         1017    .rodata.__stderr_name  retarget_io.o
    0x08004354   0x08004354   0x00000007   Data   RO         1015    .rodata.__stdin_name  retarget_io.o
    0x0800435b   0x0800435b   0x00000008   Data   RO         1016    .rodata.__stdout_name  retarget_io.o
    0x08004363   0x08004363   0x00000020   Data   RO          306    .rodata.cst16       stm32f0xx_hal_rcc.o
    0x08004383   0x08004383   0x00000001   PAD
    0x08004384   0x08004384   0x00000020   Data   RO         1453    Region$$Table       anon$$obj.o


    Execution Region RW_IRAM1 (Exec base: 0x20000000, Load base: 0x080043c0, Size: 0x00000d10, Max: 0x00001000, ABSOLUTE, COMPRESSED[0x00000020])

    Exec Addr    Load Addr    Size         Type   Attr      Idx    E Section Name        Object

    0x20000000   COMPRESSED   0x00000004   Data   RW         1113    .data               c_p.l(stdio_streams.o)
    0x20000004   COMPRESSED   0x00000004   Data   RW         1114    .data               c_p.l(stdio_streams.o)
    0x20000008   COMPRESSED   0x00000004   Data   RW         1115    .data               c_p.l(stdio_streams.o)
    0x2000000c   COMPRESSED   0x0000000c   Data   RW          381    .data..L_MergedGlobals  stm32f0xx_hal.o
    0x20000018   COMPRESSED   0x00000004   Data   RW          952    .data.SystemCoreClock  system_stm32f0xx.o
    0x2000001c   COMPRESSED   0x00000024   PAD
    0x20000040   COMPRESSED   0x000004a8   Data   RW          988    .noinit             eventrecorder.o
    0x200004e8   COMPRESSED   0x00000008   PAD
    0x200004f0        -       0x00000054   Zero   RW         1110    .bss                c_p.l(stdio_streams.o)
    0x20000544        -       0x00000054   Zero   RW         1111    .bss                c_p.l(stdio_streams.o)
    0x20000598        -       0x00000054   Zero   RW         1112    .bss                c_p.l(stdio_streams.o)
    0x200005ec        -       0x00000060   Zero   RW         1322    .bss                c_p.l(libspace.o)
    0x2000064c   COMPRESSED   0x00000004   PAD
    0x20000650        -       0x00000054   Zero   RW           99    .bss..L_MergedGlobals  devdata.o
    0x200006a4        -       0x0000000c   Zero   RW         1018    .bss..L_MergedGlobals  retarget_io.o
    0x200006b0        -       0x00000054   Zero   RW          100    .bss..L_MergedGlobals.1  devdata.o
    0x20000704        -       0x0000000c   Zero   RW           23    .bss.vi             leds.o
    0x20000710        -       0x00000200   Zero   RW            2    HEAP                startup_stm32f030x6.o
    0x20000910        -       0x00000400   Zero   RW            1    STACK               startup_stm32f030x6.o


==============================================================================

Image component sizes


      Code (inc. data)   RO Data    RW Data    ZI Data      Debug   Object Name

      1378        136          0          0        168      12520   devdata.o
      1432         64         24       1192          0      13061   eventrecorder.o
       812         24          0          0         12       2907   leds.o
       220         36          0          0          0       1718   main.o
       262         36         23          0         12       2904   retarget_io.o
        56         26        176          0       1536        652   startup_stm32f030x6.o
       160          8          0         12          0       5805   stm32f0xx_hal.o
       116         20          0          0          0       5330   stm32f0xx_hal_cortex.o
       946         28          0          0          0       5259   stm32f0xx_hal_gpio.o
      2546         12          0          0          0      54613   stm32f0xx_hal_i2c.o
      1388         56         32          0          0       8181   stm32f0xx_hal_rcc.o
       276         12          0          0          0       3336   stm32f0xx_hal_rcc_ex.o
      1418         96          0          0          0      53731   stm32f0xx_hal_tim.o
        28          0          0          0          0        873   stm32f0xx_it.o
         2          0         16          4          0       1874   system_stm32f0xx.o

    ----------------------------------------------------------------------
     11048        554        304       1244       1736     172764   Object Totals
         0          0         32          0          0          0   (incl. Generated)
         8          0          1         36          8          0   (incl. Padding)

    ----------------------------------------------------------------------

      Code (inc. data)   RO Data    RW Data    ZI Data      Debug   Library Member Name

        58          0          0          0          0          0   __dczerorl.o
         8          0          0          0          0         68   __main.o
       108          0          0          0          0         76   __printf.o
         0          0          0          0          0          0   __rtentry.o
        12          0          0          0          0          0   __rtentry2.o
         6          0          0          0          0          0   __rtentry4.o
        60          8          0          0          0          0   __scatter.o
        28          0          0          0          0          0   __scatter_zi.o
        48          6          0          0          0         88   _printf_char_common.o
        40          6          0          0          0         72   _printf_char_file.o
        10          0          0          0          0          0   _printf_d.o
       108         18          0          0          0         76   _printf_dec.o
       176          0          0          0          0         84   _printf_intcommon.o
         2          0          0          0          0          0   _printf_percent.o
         4          0          0          0          0          0   _printf_percent_end.o
       494          0          0          0          0         92   aeabi_sdivfast.o
        12          0          0          0          0         68   defsig_exit.o
        52          0          0          0          0         72   defsig_general.o
        80         58          0          0          0         68   defsig_rtmem_inner.o
        12          0          0          0          0         68   defsig_rtmem_outer.o
        52         38          0          0          0         68   defsig_rtred_inner.o
        12          0          0          0          0         68   defsig_rtred_outer.o
        16          0          0          0          0         68   exit.o
        76          4          0          0          0         76   fclose.o
         8          0          0          0          0         60   ferror.o
       496         10          0          0          0         76   flsbuf.o
       232          8          0          0          0        108   fopen.o
        30          0          0          0          0         68   fputc.o
       244          4          0          0          0         76   fseek.o
        66          0          0          0          0         68   ftell.o
        98          0          0          0          0         72   h1_alloc.o
        52          0          0          0          0         68   h1_extend.o
        76          0          0          0          0         72   h1_free.o
        14          0          0          0          0         76   h1_init.o
         6          0          0          0          0        136   heapauxi.o
         4          0          0          0          0        120   hguard.o
         0          0          0          0          0          0   indicate_semi.o
       136          0          0          0          0        160   init_alloc.o
       316         44          0          0          0         96   initio.o
         2          0          0          0          0          0   libinit.o
        14          0          0          0          0          0   libinit2.o
         2          0          0          0          0          0   libshutdown.o
         6          0          0          0          0          0   libshutdown2.o
         8          4          0          0         96         68   libspace.o
        48          0          0          0          0         72   llmul.o
         0          0          0          0          0          0   maybetermalloc1.o
        28          6          0          0          0         84   noretval__2printf.o
        44          6          0          0          0         68   puts.o
         8          4          0          0          0         68   rt_errno_addr_intlibspace.o
         8          4          0          0          0         68   rt_heap_descriptor_intlibspace.o
        64          0          0          0          0        108   rt_memclr.o
       186          0          0          0          0        144   rt_memcpy.o
         2          0          0          0          0          0   rtexit.o
        10          0          0          0          0          0   rtexit2.o
        40          0          0          0          0         60   rtudiv10.o
        76          4          0          0          0         72   setvbuf.o
       240          8          0          0          0        144   stdio.o
         0          0          0         12        252          0   stdio_streams.o
       176          4          0          0          0         80   strcmpv6m.o
        12          4          0          0          0         60   sys_exit.o
        62          0          0          0          0         80   sys_stackheap_outer.o
        12          0          0          0          0         68   sys_wrch.o
         2          0          0          0          0         68   use_no_semi.o
      1096         26        128          0          0        112   ddiv.o
        72          4          0          0          0         68   dfixui.o
        84          4          0          0          0         60   f2d.o
        94          0          0          0          0         92   fflti.o
       176          4          0          0          0         80   fmul.o
         0          0          0          0          0          0   usenofp.o

    ----------------------------------------------------------------------
      5836        286        128         12        352       4092   Library Totals
        12          0          0          0          4          0   (incl. Padding)

    ----------------------------------------------------------------------

      Code (inc. data)   RO Data    RW Data    ZI Data      Debug   Library Name

      4302        248          0         12        348       3680   c_p.l
      1522         38        128          0          0        412   fz_ps.l

    ----------------------------------------------------------------------
      5836        286        128         12        352       4092   Library Totals

    ----------------------------------------------------------------------

==============================================================================


      Code (inc. data)   RO Data    RW Data    ZI Data      Debug   

     16884        840        432       1256       2088     174532   Grand Totals
     16884        840        432         32       2088     174532   ELF Image Totals (compressed)
     16884        840        432         32          0          0   ROM Totals

==============================================================================

    Total RO  Size (Code + RO Data)                17316 (  16.91kB)
    Total RW  Size (RW Data + ZI Data)              3344 (   3.27kB)
    Total ROM Size (Code + RO Data + RW Data)      17348 (  16.94kB)

==============================================================================

